<html>
<body>
<pre>
<h1>µVision Build Log</h1>
<h2>Project:</h2>
D:\onenet_project\OneNET_ESP8266_EDP_Led\Project\onenetdemo.uvproj
Project File Date:  06/01/2016

<h2>Output:</h2>
Build target 'Target 1'
compiling esp8266.c...
linking...
Program Size: Code=28612 RO-data=492 RW-data=88 ZI-data=3840  
"..\object\onenetdemo.axf" - 0 Error(s), 0 Warning(s).
Load "..\\object\\onenetdemo.AXF" 
Erase Done.
Programming Done.
Verify OK.
Build target 'Target 1'
compiling esp8266.c...
linking...
Program Size: Code=28612 RO-data=492 RW-data=88 ZI-data=3840  
"..\object\onenetdemo.axf" - 0 Error(s), 0 Warning(s).
Load "..\\object\\onenetdemo.AXF" 
Erase Done.
Programming Done.
Verify OK.
Build target 'Target 1'
compiling esp8266.c...
linking...
Program Size: Code=28612 RO-data=492 RW-data=88 ZI-data=3840  
"..\object\onenetdemo.axf" - 0 Error(s), 0 Warning(s).
Load "..\\object\\onenetdemo.AXF" 
Erase Done.
Programming Done.
Verify OK.
Rebuild target 'Target 1'
compiling core_cm3.c...
compiling system_stm32f10x.c...
assembling startup_stm32f10x_hd.s...
compiling main.c...
compiling stm32f10x_it.c...
compiling misc.c...
compiling stm32f10x_exti.c...
compiling stm32f10x_flash.c...
compiling stm32f10x_gpio.c...
compiling stm32f10x_i2c.c...
compiling stm32f10x_rcc.c...
compiling stm32f10x_usart.c...
compiling usart1.c...
compiling usart2.c...
compiling led.c...
compiling key.c...
compiling cJSON.c...
compiling EdpKit.c...
compiling esp8266.c...
linking...
Program Size: Code=27936 RO-data=488 RW-data=88 ZI-data=3840  
"..\object\onenetdemo.axf" - 0 Error(s), 0 Warning(s).
Load "..\\object\\onenetdemo.AXF" 
Erase Done.
Programming Done.
Verify OK.
Rebuild target 'Target 1'
compiling core_cm3.c...
compiling system_stm32f10x.c...
assembling startup_stm32f10x_hd.s...
compiling main.c...
compiling stm32f10x_it.c...
compiling misc.c...
compiling stm32f10x_exti.c...
compiling stm32f10x_flash.c...
compiling stm32f10x_gpio.c...
compiling stm32f10x_i2c.c...
compiling stm32f10x_rcc.c...
compiling stm32f10x_usart.c...
compiling usart1.c...
compiling usart2.c...
compiling led.c...
compiling key.c...
compiling cJSON.c...
compiling EdpKit.c...
compiling esp8266.c...
linking...
Program Size: Code=28704 RO-data=488 RW-data=88 ZI-data=3840  
"..\object\onenetdemo.axf" - 0 Error(s), 0 Warning(s).
Load "..\\object\\onenetdemo.AXF" 
Erase Done.
Programming Done.
Verify OK.
Load "..\\object\\onenetdemo.AXF" 
Erase Done.
Programming Done.
Verify OK.
