ARM Linker, 4.1 [Build 894] [Professional]

==============================================================================

Section Cross References

    system_stm32f10x.o(.text) refers to system_stm32f10x.o(.data) for SystemCoreClock
    startup_stm32f10x_hd.o(RESET) refers to startup_stm32f10x_hd.o(STACK) for __initial_sp
    startup_stm32f10x_hd.o(RESET) refers to startup_stm32f10x_hd.o(.text) for Reset_Handler
    startup_stm32f10x_hd.o(RESET) refers to stm32f10x_it.o(.text) for NMI_Handler
    startup_stm32f10x_hd.o(RESET) refers to key.o(.text) for EXTI2_IRQHandler
    startup_stm32f10x_hd.o(.text) refers to system_stm32f10x.o(.text) for SystemInit
    startup_stm32f10x_hd.o(.text) refers to entry.o(.ARM.Collect$$$$00000000) for __main
    main.o(.text) refers to led.o(.text) for LED_Init
    main.o(.text) refers to key.o(.text) for KEY_Init
    main.o(.text) refers to usart1.o(.text) for USART1_Init
    main.o(.text) refers to usart2.o(.text) for USART2_Init
    main.o(.text) refers to esp8266.o(.text) for ESP8266_Init
    stm32f10x_it.o(.text) refers to led.o(.text) for LED_CmdCtl
    stm32f10x_it.o(.text) refers to memseta.o(.text) for __aeabi_memclr
    stm32f10x_it.o(.text) refers to usart2.o(.data) for usart2_rcv_len
    stm32f10x_it.o(.text) refers to usart2.o(.bss) for usart2_rcv_buf
    stm32f10x_gpio.o(.text) refers to stm32f10x_rcc.o(.text) for RCC_APB2PeriphResetCmd
    stm32f10x_i2c.o(.text) refers to stm32f10x_rcc.o(.text) for RCC_APB1PeriphResetCmd
    stm32f10x_rcc.o(.text) refers to stm32f10x_rcc.o(.data) for APBAHBPrescTable
    stm32f10x_usart.o(.text) refers to stm32f10x_rcc.o(.text) for RCC_APB2PeriphResetCmd
    usart1.o(.text) refers to stm32f10x_usart.o(.text) for USART_SendData
    usart1.o(.text) refers to stm32f10x_rcc.o(.text) for RCC_APB2PeriphClockCmd
    usart1.o(.text) refers to stm32f10x_gpio.o(.text) for GPIO_Init
    usart1.o(.text) refers to misc.o(.text) for NVIC_Init
    usart2.o(.text) refers to stm32f10x_rcc.o(.text) for RCC_APB2PeriphClockCmd
    usart2.o(.text) refers to stm32f10x_gpio.o(.text) for GPIO_Init
    usart2.o(.text) refers to stm32f10x_usart.o(.text) for USART_Init
    usart2.o(.text) refers to misc.o(.text) for NVIC_Init
    led.o(.text) refers to stm32f10x_rcc.o(.text) for RCC_APB2PeriphClockCmd
    led.o(.text) refers to stm32f10x_gpio.o(.text) for GPIO_Init
    led.o(.text) refers to strstr.o(.text) for strstr
    led.o(.text) refers to usart2.o(.bss) for usart2_cmd_buf
    led.o(.text) refers to led.o(.data) for red_value
    key.o(.text) refers to stm32f10x_rcc.o(.text) for RCC_APB2PeriphClockCmd
    key.o(.text) refers to stm32f10x_gpio.o(.text) for GPIO_Init
    key.o(.text) refers to stm32f10x_exti.o(.text) for EXTI_Init
    key.o(.text) refers to misc.o(.text) for NVIC_Init
    cjson.o(.text) refers to tolower.o(.text) for tolower
    cjson.o(.text) refers to strlen.o(.text) for strlen
    cjson.o(.text) refers to memmovea.o(.text) for __aeabi_memcpy
    cjson.o(.text) refers to memseta.o(.text) for __aeabi_memclr4
    cjson.o(.text) refers to dflti.o(.text) for __aeabi_i2d
    cjson.o(.text) refers to dmul.o(.text) for __aeabi_dmul
    cjson.o(.text) refers to dadd.o(.text) for __aeabi_dadd
    cjson.o(.text) refers to pow.o(i.pow) for pow
    cjson.o(.text) refers to dfixi.o(.text) for __aeabi_d2iz
    cjson.o(.text) refers to cdcmple.o(.text) for __aeabi_cdcmpeq
    cjson.o(.text) refers to cdrcmple.o(.text) for __aeabi_cdrcmple
    cjson.o(.text) refers to cjson.o(.data) for ep
    cjson.o(.text) refers to malloc.o(i.malloc) for malloc
    cjson.o(.text) refers to malloc.o(i.free) for free
    cjson.o(.text) refers to printfa.o(i.__0sprintf) for __2sprintf
    cjson.o(.text) refers to floor.o(i.floor) for floor
    cjson.o(.text) refers to cjson.o(.constdata) for firstByteMark
    cjson.o(.text) refers to strcpy.o(.text) for strcpy
    cjson.o(.text) refers to strchr.o(.text) for strchr
    cjson.o(.text) refers to strncmp.o(.text) for strncmp
    cjson.o(.text) refers to f2d.o(.text) for __aeabi_f2d
    cjson.o(.data) refers to malloc.o(i.malloc) for malloc
    cjson.o(.data) refers to malloc.o(i.free) for free
    edpkit.o(.text) refers to malloc.o(i.malloc) for malloc
    edpkit.o(.text) refers to malloc.o(i.free) for free
    edpkit.o(.text) refers to memmovea.o(.text) for __aeabi_memcpy
    edpkit.o(.text) refers to memseta.o(.text) for __aeabi_memclr
    edpkit.o(.text) refers to strncpy.o(.text) for strncpy
    edpkit.o(.text) refers to strlen.o(.text) for strlen
    edpkit.o(.text) refers to cjson.o(.text) for cJSON_Print
    edpkit.o(.text) refers to dflti.o(.text) for __aeabi_i2d
    esp8266.o(.text) refers to memseta.o(.text) for __aeabi_memclr
    esp8266.o(.text) refers to strlen.o(.text) for strlen
    esp8266.o(.text) refers to usart2.o(.text) for usart2_write
    esp8266.o(.text) refers to key.o(.text) for mDelay
    esp8266.o(.text) refers to strstr.o(.text) for strstr
[...]
    printf5.o(i.__0vprintf$5) refers to usart1.o(.text) for fputc
    printf5.o(i.__0vprintf$5) refers to stdout.o(.data) for __stdout
    printf5.o(i.__0vsnprintf$5) refers to printf5.o(i._printf_core) for _printf_core
    printf5.o(i.__0vsnprintf$5) refers to printf5.o(i._snputc) for _snputc
    printf5.o(i.__0vsprintf$5) refers to printf5.o(i._printf_core) for _printf_core
    printf5.o(i.__0vsprintf$5) refers to printf5.o(i._sputc) for _sputc
    printf5.o(i._printf_core) refers to uldiv.o(.text) for __aeabi_uldivmod
    printf6.o(i.__0fprintf$6) refers to printf6.o(i._printf_core) for _printf_core
    printf6.o(i.__0fprintf$6) refers to usart1.o(.text) for fputc
    printf6.o(i.__0printf$6) refers to printf6.o(i._printf_core) for _printf_core
    printf6.o(i.__0printf$6) refers to usart1.o(.text) for fputc
    printf6.o(i.__0printf$6) refers to stdout.o(.data) for __stdout
    printf6.o(i.__0snprintf$6) refers to printf6.o(i._printf_core) for _printf_core
    printf6.o(i.__0snprintf$6) refers to printf6.o(i._snputc) for _snputc
    printf6.o(i.__0sprintf$6) refers to printf6.o(i._printf_core) for _printf_core
    printf6.o(i.__0sprintf$6) refers to printf6.o(i._sputc) for _sputc
    printf6.o(i.__0vfprintf$6) refers to printf6.o(i._printf_core) for _printf_core
    printf6.o(i.__0vfprintf$6) refers to usart1.o(.text) for fputc
    printf6.o(i.__0vprintf$6) refers to printf6.o(i._printf_core) for _printf_core
    printf6.o(i.__0vprintf$6) refers to usart1.o(.text) for fputc
    printf6.o(i.__0vprintf$6) refers to stdout.o(.data) for __stdout
    printf6.o(i.__0vsnprintf$6) refers to printf6.o(i._printf_core) for _printf_core
    printf6.o(i.__0vsnprintf$6) refers to printf6.o(i._snputc) for _snputc
    printf6.o(i.__0vsprintf$6) refers to printf6.o(i._printf_core) for _printf_core
    printf6.o(i.__0vsprintf$6) refers to printf6.o(i._sputc) for _sputc
    printf6.o(i._printf_core) refers to printf6.o(i._printf_pre_padding) for _printf_pre_padding
    printf6.o(i._printf_core) refers to uidiv.o(.text) for __aeabi_uidivmod
    printf6.o(i._printf_core) refers to printf6.o(i._printf_post_padding) for _printf_post_padding
    printf7.o(i.__0fprintf$7) refers to printf7.o(i._printf_core) for _printf_core
    printf7.o(i.__0fprintf$7) refers to usart1.o(.text) for fputc
    printf7.o(i.__0printf$7) refers to printf7.o(i._printf_core) for _printf_core
    printf7.o(i.__0printf$7) refers to usart1.o(.text) for fputc
    printf7.o(i.__0printf$7) refers to stdout.o(.data) for __stdout
    printf7.o(i.__0snprintf$7) refers to printf7.o(i._printf_core) for _printf_core
    printf7.o(i.__0snprintf$7) refers to printf7.o(i._snputc) for _snputc
    printf7.o(i.__0sprintf$7) refers to printf7.o(i._printf_core) for _printf_core
    printf7.o(i.__0sprintf$7) refers to printf7.o(i._sputc) for _sputc
    printf7.o(i.__0vfprintf$7) refers to printf7.o(i._printf_core) for _printf_core
    printf7.o(i.__0vfprintf$7) refers to usart1.o(.text) for fputc
    printf7.o(i.__0vprintf$7) refers to printf7.o(i._printf_core) for _printf_core
    printf7.o(i.__0vprintf$7) refers to usart1.o(.text) for fputc
    printf7.o(i.__0vprintf$7) refers to stdout.o(.data) for __stdout
    printf7.o(i.__0vsnprintf$7) refers to printf7.o(i._printf_core) for _printf_core
    printf7.o(i.__0vsnprintf$7) refers to printf7.o(i._snputc) for _snputc
    printf7.o(i.__0vsprintf$7) refers to printf7.o(i._printf_core) for _printf_core
    printf7.o(i.__0vsprintf$7) refers to printf7.o(i._sputc) for _sputc
    printf7.o(i._printf_core) refers to printf7.o(i._printf_pre_padding) for _printf_pre_padding
    printf7.o(i._printf_core) refers to uldiv.o(.text) for __aeabi_uldivmod
    printf7.o(i._printf_core) refers to printf7.o(i._printf_post_padding) for _printf_post_padding
    printf8.o(i.__0fprintf$8) refers to printf8.o(i._printf_core) for _printf_core
    printf8.o(i.__0fprintf$8) refers to usart1.o(.text) for fputc
    printf8.o(i.__0printf$8) refers to printf8.o(i._printf_core) for _printf_core
    printf8.o(i.__0printf$8) refers to usart1.o(.text) for fputc
    printf8.o(i.__0printf$8) refers to stdout.o(.data) for __stdout
    printf8.o(i.__0snprintf$8) refers to printf8.o(i._printf_core) for _printf_core
    printf8.o(i.__0snprintf$8) refers to printf8.o(i._snputc) for _snputc
    printf8.o(i.__0sprintf$8) refers to printf8.o(i._printf_core) for _printf_core
    printf8.o(i.__0sprintf$8) refers to printf8.o(i._sputc) for _sputc
    printf8.o(i.__0vfprintf$8) refers to printf8.o(i._printf_core) for _printf_core
    printf8.o(i.__0vfprintf$8) refers to usart1.o(.text) for fputc
    printf8.o(i.__0vprintf$8) refers to printf8.o(i._printf_core) for _printf_core
    printf8.o(i.__0vprintf$8) refers to usart1.o(.text) for fputc
    printf8.o(i.__0vprintf$8) refers to stdout.o(.data) for __stdout
    printf8.o(i.__0vsnprintf$8) refers to printf8.o(i._printf_core) for _printf_core
    printf8.o(i.__0vsnprintf$8) refers to printf8.o(i._snputc) for _snputc
    printf8.o(i.__0vsprintf$8) refers to printf8.o(i._printf_core) for _printf_core
    printf8.o(i.__0vsprintf$8) refers to printf8.o(i._sputc) for _sputc
    printf8.o(i._printf_core) refers to printf8.o(i._printf_pre_padding) for _printf_pre_padding
    printf8.o(i._printf_core) refers to uldiv.o(.text) for __aeabi_uldivmod
    printf8.o(i._printf_core) refers to printf8.o(i._printf_post_padding) for _printf_post_padding
    printfa.o(i.__0fprintf) refers (Special) to iusefp.o(.text) for __I$use$fp
    printfa.o(i.__0fprintf) refers to printfa.o(i._printf_core) for _printf_core
    printfa.o(i.__0fprintf) refers to usart1.o(.text) for fputc
    printfa.o(i.__0printf) refers (Special) to iusefp.o(.text) for __I$use$fp
    printfa.o(i.__0printf) refers to printfa.o(i._printf_core) for _printf_core
    printfa.o(i.__0printf) refers to usart1.o(.text) for fputc
    printfa.o(i.__0printf) refers to stdout.o(.data) for __stdout
    printfa.o(i.__0snprintf) refers (Special) to iusefp.o(.text) for __I$use$fp
    printfa.o(i.__0snprintf) refers to printfa.o(i._printf_core) for _printf_core
    printfa.o(i.__0snprintf) refers to printfa.o(i._snputc) for _snputc
    printfa.o(i.__0sprintf) refers (Special) to iusefp.o(.text) for __I$use$fp
    printfa.o(i.__0sprintf) refers to printfa.o(i._printf_core) for _printf_core
    printfa.o(i.__0sprintf) refers to printfa.o(i._sputc) for _sputc
    printfa.o(i.__0vfprintf) refers (Special) to iusefp.o(.text) for __I$use$fp
    printfa.o(i.__0vfprintf) refers to printfa.o(i._printf_core) for _printf_core
    printfa.o(i.__0vfprintf) refers to usart1.o(.text) for fputc
    printfa.o(i.__0vprintf) refers (Special) to iusefp.o(.text) for __I$use$fp
    printfa.o(i.__0vprintf) refers to printfa.o(i._printf_core) for _printf_core
    printfa.o(i.__0vprintf) refers to usart1.o(.text) for fputc
    printfa.o(i.__0vprintf) refers to stdout.o(.data) for __stdout
    printfa.o(i.__0vsnprintf) refers (Special) to iusefp.o(.text) for __I$use$fp
    printfa.o(i.__0vsnprintf) refers to printfa.o(i._printf_core) for _printf_core
    printfa.o(i.__0vsnprintf) refers to printfa.o(i._snputc) for _snputc
    printfa.o(i.__0vsprintf) refers (Special) to iusefp.o(.text) for __I$use$fp
    printfa.o(i.__0vsprintf) refers to printfa.o(i._printf_core) for _printf_core
    printfa.o(i.__0vsprintf) refers to printfa.o(i._sputc) for _sputc
    printfa.o(i._fp_digits) refers (Special) to iusefp.o(.text) for __I$use$fp
    printfa.o(i._fp_digits) refers to dmul.o(.text) for __aeabi_dmul
    printfa.o(i._fp_digits) refers to ddiv.o(.text) for __aeabi_ddiv
    printfa.o(i._fp_digits) refers to cdrcmple.o(.text) for __aeabi_cdrcmple
    printfa.o(i._fp_digits) refers to dadd.o(.text) for __aeabi_dadd
    printfa.o(i._fp_digits) refers to dfixul.o(.text) for __aeabi_d2ulz
    printfa.o(i._fp_digits) refers to uldiv.o(.text) for __aeabi_uldivmod
    printfa.o(i._printf_core) refers (Special) to iusefp.o(.text) for __I$use$fp
    printfa.o(i._printf_core) refers to printfa.o(i._printf_pre_padding) for _printf_pre_padding
    printfa.o(i._printf_core) refers to uldiv.o(.text) for __aeabi_uldivmod
    printfa.o(i._printf_core) refers to printfa.o(i._printf_post_padding) for _printf_post_padding
    printfa.o(i._printf_core) refers to printfa.o(i._fp_digits) for _fp_digits
    printfa.o(i._printf_core) refers to uidiv.o(.text) for __aeabi_uidivmod
    printfa.o(i._printf_post_padding) refers (Special) to iusefp.o(.text) for __I$use$fp
    printfa.o(i._printf_pre_padding) refers (Special) to iusefp.o(.text) for __I$use$fp
    printfa.o(i._snputc) refers (Special) to iusefp.o(.text) for __I$use$fp
    printfa.o(i._sputc) refers (Special) to iusefp.o(.text) for __I$use$fp
    malloc.o(i.free) refers to mvars.o(.data) for __microlib_freelist
    malloc.o(i.malloc) refers to mvars.o(.data) for __microlib_freelist_initialised
    malloc.o(i.malloc) refers to mvars.o(.data) for __microlib_freelist
    malloc.o(i.malloc) refers to startup_stm32f10x_hd.o(HEAP) for __heap_base
    mallocr.o(i.__free$realloc) refers to mvars.o(.data) for __microlib_freelist
    mallocr.o(i.__malloc$realloc) refers to mallocr.o(i.internal_alloc) for internal_alloc
    mallocr.o(i.__malloc$realloc) refers to mvars.o(.data) for __microlib_freelist_initialised
    mallocr.o(i.__malloc$realloc) refers to startup_stm32f10x_hd.o(HEAP) for __heap_base
    mallocr.o(i.__malloc$realloc) refers to mvars.o(.data) for __microlib_freelist
    mallocr.o(i.internal_alloc) refers to memmovea.o(.text) for __aeabi_memcpy
    mallocr.o(i.internal_alloc) refers to mvars.o(.data) for __microlib_freelist
    mallocr.o(i.realloc) refers to mallocr.o(i.__free$realloc) for __free$realloc
    mallocr.o(i.realloc) refers to mallocr.o(i.internal_alloc) for internal_alloc
    mallocr.o(i.realloc) refers to mallocr.o(i.__malloc$realloc) for __malloc$realloc
    mallocr.o(i.realloc) refers to mvars.o(.data) for __microlib_freelist
    malloca.o(i.__aligned_malloc) refers to mvars.o(.data) for __microlib_freelist_initialised
    malloca.o(i.__aligned_malloc) refers to mvars.o(.data) for __microlib_freelist
    malloca.o(i.__aligned_malloc) refers to startup_stm32f10x_hd.o(HEAP) for __heap_base
    malloca.o(i.__free$memalign) refers to mvars.o(.data) for __microlib_freelist
    malloca.o(i.__malloc$memalign) refers to malloca.o(i.__aligned_malloc) for __aligned_malloc
    mallocra.o(i.__aligned_malloc$realloc) refers to mallocra.o(i.internal_alloc) for internal_alloc
    mallocra.o(i.__aligned_malloc$realloc) refers to mvars.o(.data) for __microlib_freelist_initialised
    mallocra.o(i.__aligned_malloc$realloc) refers to startup_stm32f10x_hd.o(HEAP) for __heap_base
    mallocra.o(i.__aligned_malloc$realloc) refers to mvars.o(.data) for __microlib_freelist
    mallocra.o(i.__free$realloc$memalign) refers to mvars.o(.data) for __microlib_freelist
    mallocra.o(i.__malloc$realloc$memalign) refers to mallocra.o(i.__aligned_malloc$realloc) for __aligned_malloc$realloc
    mallocra.o(i.__realloc$memalign) refers to mallocra.o(i.__free$realloc$memalign) for __free$realloc$memalign
    mallocra.o(i.__realloc$memalign) refers to mallocra.o(i.internal_alloc) for internal_alloc
    mallocra.o(i.__realloc$memalign) refers to mallocra.o(i.__malloc$realloc$memalign) for __malloc$realloc$memalign
    mallocra.o(i.__realloc$memalign) refers to mvars.o(.data) for __microlib_freelist
    mallocra.o(i.internal_alloc) refers to memmovea.o(.text) for __aeabi_memcpy
    mallocra.o(i.internal_alloc) refers to mvars.o(.data) for __microlib_freelist
    dadd.o(.text) refers (Special) to iusefp.o(.text) for __I$use$fp
    dadd.o(.text) refers to llshl.o(.text) for __aeabi_llsl
    dadd.o(.text) refers to llsshr.o(.text) for __aeabi_lasr
    dadd.o(.text) refers to depilogue.o(.text) for _double_epilogue
    dmul.o(.text) refers (Special) to iusefp.o(.text) for __I$use$fp
    dmul.o(.text) refers to depilogue.o(.text) for _double_epilogue
    dflti.o(.text) refers (Special) to iusefp.o(.text) for __I$use$fp
    dflti.o(.text) refers to depilogue.o(.text) for _double_epilogue
    dfixi.o(.text) refers (Special) to iusefp.o(.text) for __I$use$fp
    dfixi.o(.text) refers to llushr.o(.text) for __aeabi_llsr
    f2d.o(.text) refers (Special) to iusefp.o(.text) for __I$use$fp
    cdcmple.o(.text) refers (Special) to iusefp.o(.text) for __I$use$fp
    cdrcmple.o(.text) refers (Special) to iusefp.o(.text) for __I$use$fp
    dunder.o(i.__mathlib_dbl_underflow) refers to dscalb.o(.text) for __ARM_scalbn
    fpclassify.o(i.__ARM_fpclassify) refers (Special) to iusefp.o(.text) for __I$use$fp
    poly.o(i.__kernel_poly) refers (Special) to iusefp.o(.text) for __I$use$fp
    poly.o(i.__kernel_poly) refers to dmul.o(.text) for __aeabi_dmul
    poly.o(i.__kernel_poly) refers to dadd.o(.text) for __aeabi_dadd
    qnan.o(.constdata) refers (Special) to iusefp.o(.text) for __I$use$fp
    sqrt.o(i.__softfp_sqrt) refers (Special) to iusefp.o(.text) for __I$use$fp
    sqrt.o(i.__softfp_sqrt) refers to dsqrt.o(.text) for _dsqrt
    sqrt.o(i.__softfp_sqrt) refers to errno.o(i.__set_errno) for __set_errno
    sqrt.o(i.sqrt) refers (Special) to iusefp.o(.text) for __I$use$fp
    sqrt.o(i.sqrt) refers to dsqrt.o(.text) for _dsqrt
    sqrt.o(i.sqrt) refers to errno.o(i.__set_errno) for __set_errno
    sqrt_x.o(i.____softfp_sqrt$lsc) refers (Special) to iusefp.o(.text) for __I$use$fp
    sqrt_x.o(i.____softfp_sqrt$lsc) refers to cdcmple.o(.text) for __aeabi_cdcmple
    sqrt_x.o(i.____softfp_sqrt$lsc) refers to errno.o(i.__set_errno) for __set_errno
    sqrt_x.o(i.____softfp_sqrt$lsc) refers to dsqrt.o(.text) for _dsqrt
    sqrt_x.o(i.__sqrt$lsc) refers (Special) to iusefp.o(.text) for __I$use$fp
    sqrt_x.o(i.__sqrt$lsc) refers to cdcmple.o(.text) for __aeabi_cdcmple
    sqrt_x.o(i.__sqrt$lsc) refers to errno.o(i.__set_errno) for __set_errno
    sqrt_x.o(i.__sqrt$lsc) refers to dsqrt.o(.text) for _dsqrt
    entry2.o(.ARM.Collect$$$$00000001) refers to entry2.o(.ARM.Collect$$$$00002712) for __lit__00000000
    entry2.o(.ARM.Collect$$$$00002712) refers to startup_stm32f10x_hd.o(STACK) for __initial_sp
    entry2.o(__vectab_stack_and_reset_area) refers to startup_stm32f10x_hd.o(STACK) for __initial_sp
    entry2.o(__vectab_stack_and_reset_area) refers to entry.o(.ARM.Collect$$$$00000000) for __main
    entry5.o(.ARM.Collect$$$$00000004) refers to init.o(.text) for __scatterload
    entry8.o(.ARM.Collect$$$$00000009) refers to main.o(.text) for main
    uldiv.o(.text) refers to llushr.o(.text) for __aeabi_llsr
    uldiv.o(.text) refers to llshl.o(.text) for __aeabi_llsl
    errno.o(i.__aeabi_errno_addr) refers to errno.o(.data) for .data
    errno.o(i.__read_errno) refers to errno.o(.data) for .data
    errno.o(i.__set_errno) refers to errno.o(.data) for .data
    depilogue.o(.text) refers to llshl.o(.text) for __aeabi_llsl
    depilogue.o(.text) refers to llushr.o(.text) for __aeabi_llsr
    ddiv.o(.text) refers to depilogue.o(.text) for _double_round
    dfixul.o(.text) refers to llushr.o(.text) for __aeabi_llsr
    dfixul.o(.text) refers to llshl.o(.text) for __aeabi_llsl
    init.o(.text) refers to entry5.o(.ARM.Collect$$$$00000004) for __main_after_scatterload
    dsqrt.o(.text) refers to llushr.o(.text) for __aeabi_llsr
    dsqrt.o(.text) refers to depilogue.o(.text) for _double_round


==============================================================================

Removing Unused input sections from the image.

    Removing core_cm3.o(.emb_text), (32 bytes).
    Removing stm32f10x_flash.o(.text), (1464 bytes).
    Removing stm32f10x_i2c.o(.text), (1008 bytes).
    Removing usart1.o(.bss), (512 bytes).
    Removing usart1.o(.data), (12 bytes).

5 unused section(s) (total 3028 bytes) removed from the image.

==============================================================================

Image Symbol Table

    Local Symbols

    Symbol Name                              Value     Ov Type        Size  Object(Section)

    ../../dunder.c                           0x00000000   Number         0  dunder.o ABSOLUTE
    ../../floor.c                            0x00000000   Number         0  floor.o ABSOLUTE
    ../../fpclassify.c                       0x00000000   Number         0  fpclassify.o ABSOLUTE
    ../../microlib/ctype/tolower.c           0x00000000   Number         0  tolower.o ABSOLUTE
    ../../microlib/division.c                0x00000000   Number         0  uldiv.o ABSOLUTE
    ../../microlib/division.c                0x00000000   Number         0  uidiv.o ABSOLUTE
    ../../microlib/errno.c                   0x00000000   Number         0  errno.o ABSOLUTE
    ../../microlib/f2d.c                     0x00000000   Number         0  f2d.o ABSOLUTE
    ../../microlib/fpadd.c                   0x00000000   Number         0  dadd.o ABSOLUTE
    ../../microlib/fpdiv.c                   0x00000000   Number         0  ddiv.o ABSOLUTE
    ../../microlib/fpepilogue.c              0x00000000   Number         0  depilogue.o ABSOLUTE
    ../../microlib/fpfix.c                   0x00000000   Number         0  dfixi.o ABSOLUTE
    ../../microlib/fpfix.c                   0x00000000   Number         0  dfixul.o ABSOLUTE
    ../../microlib/fpflt.c                   0x00000000   Number         0  dflti.o ABSOLUTE
    ../../microlib/fpmul.c                   0x00000000   Number         0  dmul.o ABSOLUTE
    ../../microlib/fpscalb.c                 0x00000000   Number         0  dscalb.o ABSOLUTE
    ../../microlib/fpsqrt.c                  0x00000000   Number         0  dsqrt.o ABSOLUTE
    ../../microlib/init/entry.s              0x00000000   Number         0  entry7b.o ABSOLUTE
    ../../microlib/init/entry.s              0x00000000   Number         0  entry8.o ABSOLUTE
    ../../microlib/init/entry.s              0x00000000   Number         0  entry7a.o ABSOLUTE
    ../../microlib/init/entry.s              0x00000000   Number         0  entry2.o ABSOLUTE
    ../../microlib/init/entry.s              0x00000000   Number         0  entry5.o ABSOLUTE
    ../../microlib/init/entry.s              0x00000000   Number         0  entry.o ABSOLUTE
    ../../microlib/longlong.c                0x00000000   Number         0  llushr.o ABSOLUTE
    ../../microlib/longlong.c                0x00000000   Number         0  llsshr.o ABSOLUTE
    ../../microlib/longlong.c                0x00000000   Number         0  llshl.o ABSOLUTE
    ../../microlib/malloc/malloc.c           0x00000000   Number         0  malloca.o ABSOLUTE
    ../../microlib/malloc/malloc.c           0x00000000   Number         0  mallocra.o ABSOLUTE
    ../../microlib/malloc/malloc.c           0x00000000   Number         0  mallocr.o ABSOLUTE
    ../../microlib/malloc/malloc.c           0x00000000   Number         0  malloc.o ABSOLUTE
    ../../microlib/malloc/mvars.c            0x00000000   Number         0  mvars.o ABSOLUTE
    ../../microlib/printf/printf.c           0x00000000   Number         0  printf2.o ABSOLUTE
    ../../microlib/printf/printf.c           0x00000000   Number         0  printf1.o ABSOLUTE
    ../../microlib/printf/printf.c           0x00000000   Number         0  printf5.o ABSOLUTE
    ../../microlib/printf/printf.c           0x00000000   Number         0  printf6.o ABSOLUTE
    ../../microlib/printf/printf.c           0x00000000   Number         0  printf0.o ABSOLUTE
    ../../microlib/printf/printf.c           0x00000000   Number         0  printfb.o ABSOLUTE
    ../../microlib/printf/printf.c           0x00000000   Number         0  printfa.o ABSOLUTE
    ../../microlib/printf/printf.c           0x00000000   Number         0  printf8.o ABSOLUTE
    ../../microlib/printf/printf.c           0x00000000   Number         0  printf7.o ABSOLUTE
    ../../microlib/printf/printf.c           0x00000000   Number         0  printf4.o ABSOLUTE
    ../../microlib/printf/printf.c           0x00000000   Number         0  printf3.o ABSOLUTE
    ../../microlib/printf/stubs.s            0x00000000   Number         0  stubs.o ABSOLUTE
    ../../microlib/stdio/streams.c           0x00000000   Number         0  stdout.o ABSOLUTE
    ../../microlib/string/memcpy.c           0x00000000   Number         0  memcpya.o ABSOLUTE
    ../../microlib/string/memcpy.c           0x00000000   Number         0  memmoveb.o ABSOLUTE
    ../../microlib/string/memcpy.c           0x00000000   Number         0  memcpyb.o ABSOLUTE
    ../../microlib/string/memcpy.c           0x00000000   Number         0  memmovea.o ABSOLUTE
    ../../microlib/string/memset.c           0x00000000   Number         0  memseta.o ABSOLUTE
    ../../microlib/string/strcat.c           0x00000000   Number         0  strcat.o ABSOLUTE
    ../../microlib/string/strchr.c           0x00000000   Number         0  strchr.o ABSOLUTE
    ../../microlib/string/strcpy.c           0x00000000   Number         0  strcpy.o ABSOLUTE
    ../../microlib/string/strlen.c           0x00000000   Number         0  strlen.o ABSOLUTE
    ../../microlib/string/strncmp.c          0x00000000   Number         0  strncmp.o ABSOLUTE
    ../../microlib/string/strncpy.c          0x00000000   Number         0  strncpy.o ABSOLUTE
    ../../microlib/string/strstr.c           0x00000000   Number         0  strstr.o ABSOLUTE
    ../../microlib/stubs.s                   0x00000000   Number         0  iusefp.o ABSOLUTE
    ../../poly.c                             0x00000000   Number         0  poly.o ABSOLUTE
    ../../pow.c                              0x00000000   Number         0  pow_x.o ABSOLUTE
    ../../pow.c                              0x00000000   Number         0  pow.o ABSOLUTE
    ../../qnan.c                             0x00000000   Number         0  qnan.o ABSOLUTE
    ../../sqrt.c                             0x00000000   Number         0  sqrt.o ABSOLUTE
    ../../sqrt.c                             0x00000000   Number         0  sqrt_x.o ABSOLUTE
    ..\Driver\key.c                          0x00000000   Number         0  key.o ABSOLUTE
    ..\Driver\led.c                          0x00000000   Number         0  led.o ABSOLUTE
    ..\Driver\usart1.c                       0x00000000   Number         0  usart1.o ABSOLUTE
    ..\Driver\usart2.c                       0x00000000   Number         0  usart2.o ABSOLUTE
    ..\EDP\EdpKit.c                          0x00000000   Number         0  edpkit.o ABSOLUTE
    ..\EDP\cJSON.c                           0x00000000   Number         0  cjson.o ABSOLUTE
    ..\Libraries\CMSIS\core_cm3.c            0x00000000   Number         0  core_cm3.o ABSOLUTE
    ..\Libraries\CMSIS\startup\arm\startup_stm32f10x_hd.s 0x00000000   Number         0  startup_stm32f10x_hd.o ABSOLUTE
    ..\Libraries\CMSIS\system_stm32f10x.c    0x00000000   Number         0  system_stm32f10x.o ABSOLUTE
    ..\Libraries\STM32F10x_StdPeriph_Driver\src\misc.c 0x00000000   Number         0  misc.o ABSOLUTE
    ..\Libraries\STM32F10x_StdPeriph_Driver\src\stm32f10x_exti.c 0x00000000   Number         0  stm32f10x_exti.o ABSOLUTE
    ..\Libraries\STM32F10x_StdPeriph_Driver\src\stm32f10x_flash.c 0x00000000   Number         0  stm32f10x_flash.o ABSOLUTE
    ..\Libraries\STM32F10x_StdPeriph_Driver\src\stm32f10x_gpio.c 0x00000000   Number         0  stm32f10x_gpio.o ABSOLUTE
    ..\Libraries\STM32F10x_StdPeriph_Driver\src\stm32f10x_i2c.c 0x00000000   Number         0  stm32f10x_i2c.o ABSOLUTE
    ..\Libraries\STM32F10x_StdPeriph_Driver\src\stm32f10x_rcc.c 0x00000000   Number         0  stm32f10x_rcc.o ABSOLUTE
    ..\Libraries\STM32F10x_StdPeriph_Driver\src\stm32f10x_usart.c 0x00000000   Number         0  stm32f10x_usart.o ABSOLUTE
    ..\Network\esp8266.c                     0x00000000   Number         0  esp8266.o ABSOLUTE
    ..\User\main.c                           0x00000000   Number         0  main.o ABSOLUTE
    ..\User\stm32f10x_it.c                   0x00000000   Number         0  stm32f10x_it.o ABSOLUTE
    ..\\Libraries\\CMSIS\\core_cm3.c         0x00000000   Number         0  core_cm3.o ABSOLUTE
    cdcmple.s                                0x00000000   Number         0  cdcmple.o ABSOLUTE
    cdrcmple.s                               0x00000000   Number         0  cdrcmple.o ABSOLUTE
    dc.s                                     0x00000000   Number         0  dc.o ABSOLUTE
    handlers.s                               0x00000000   Number         0  handlers.o ABSOLUTE
    init.s                                   0x00000000   Number         0  init.o ABSOLUTE
    RESET                                    0x08000000   Section      304  startup_stm32f10x_hd.o(RESET)
    .ARM.Collect$$$$00000000                 0x08000130   Section        0  entry.o(.ARM.Collect$$$$00000000)
    .ARM.Collect$$$$00000001                 0x08000130   Section        4  entry2.o(.ARM.Collect$$$$00000001)
    .ARM.Collect$$$$00000004                 0x08000134   Section        4  entry5.o(.ARM.Collect$$$$00000004)
    .ARM.Collect$$$$00000008                 0x08000138   Section        0  entry7b.o(.ARM.Collect$$$$00000008)
    .ARM.Collect$$$$00000009                 0x08000138   Section        8  entry8.o(.ARM.Collect$$$$00000009)
    .ARM.Collect$$$$00002712                 0x08000140   Section        4  entry2.o(.ARM.Collect$$$$00002712)
    __lit__00000000                          0x08000140   Data           4  entry2.o(.ARM.Collect$$$$00002712)
    .text                                    0x08000144   Section        0  system_stm32f10x.o(.text)
    SetSysClockTo72                          0x08000145   Thumb Code   192  system_stm32f10x.o(.text)
    SetSysClock                              0x08000205   Thumb Code     8  system_stm32f10x.o(.text)
    .text                                    0x08000314   Section       36  startup_stm32f10x_hd.o(.text)
    .text                                    0x08000338   Section        0  main.o(.text)
    .text                                    0x080003a0   Section        0  stm32f10x_it.o(.text)
    .text                                    0x08000454   Section        0  misc.o(.text)
    .text                                    0x08000530   Section        0  stm32f10x_exti.o(.text)
    .text                                    0x0800064c   Section        0  stm32f10x_gpio.o(.text)
    .text                                    0x080009a4   Section        0  stm32f10x_rcc.o(.text)
    .text                                    0x08000d4c   Section        0  stm32f10x_usart.o(.text)
    .text                                    0x08001158   Section        0  usart1.o(.text)
    .text                                    0x0800124c   Section        0  usart2.o(.text)
    .text                                    0x0800132c   Section        0  led.o(.text)
    .text                                    0x080015c0   Section        0  key.o(.text)
    .text                                    0x08001850   Section        0  cjson.o(.text)
    cJSON_strcasecmp                         0x08001857   Thumb Code    76  cjson.o(.text)
    cJSON_strdup                             0x080018a3   Thumb Code    42  cjson.o(.text)
    cJSON_New_Item                           0x080018fd   Thumb Code    26  cjson.o(.text)
    parse_number                             0x08001969   Thumb Code   432  cjson.o(.text)
    pow2gt                                   0x08001b19   Thumb Code    28  cjson.o(.text)
    ensure                                   0x08001b35   Thumb Code   104  cjson.o(.text)
    update                                   0x08001b9d   Thumb Code    32  cjson.o(.text)
    print_number                             0x08001bbd   Thumb Code   408  cjson.o(.text)
    parse_hex4                               0x08001d55   Thumb Code   276  cjson.o(.text)
    parse_string                             0x08001e69   Thumb Code   448  cjson.o(.text)
    print_string_ptr                         0x08002029   Thumb Code   504  cjson.o(.text)
    print_string                             0x08002221   Thumb Code    16  cjson.o(.text)
    skip                                     0x08002231   Thumb Code    18  cjson.o(.text)
    parse_object                             0x08002243   Thumb Code   272  cjson.o(.text)
    parse_array                              0x08002353   Thumb Code   168  cjson.o(.text)
    parse_value                              0x080023fb   Thumb Code   210  cjson.o(.text)
    print_object                             0x0800253d   Thumb Code  1052  cjson.o(.text)
    print_array                              0x08002959   Thumb Code   578  cjson.o(.text)
    print_value                              0x08002b9b   Thumb Code   294  cjson.o(.text)
    suffix_object                            0x08002d59   Thumb Code     6  cjson.o(.text)
    create_reference                         0x08002d5f   Thumb Code    48  cjson.o(.text)
    .text                                    0x080032f4   Section        0  edpkit.o(.text)
    FormatAt                                 0x080032f7   Thumb Code     6  edpkit.o(.text)
    PacketSavedataType1Int                   0x0800384f   Thumb Code   224  edpkit.o(.text)
    PacketSavedataType1Double                0x0800392f   Thumb Code   220  edpkit.o(.text)
    PacketSavedataType1String                0x08003a0b   Thumb Code   270  edpkit.o(.text)
    PacketSavedataType2Int                   0x08003b19   Thumb Code    68  edpkit.o(.text)
    PacketSavedataType2Double                0x08003b5d   Thumb Code    72  edpkit.o(.text)
    PacketSavedataType2String                0x08003ba5   Thumb Code    68  edpkit.o(.text)
    PacketSavedataType3Int                   0x08003be9   Thumb Code   112  edpkit.o(.text)
    PacketSavedataType3Double                0x08003c59   Thumb Code   114  edpkit.o(.text)
    PacketSavedataType3String                0x08003ccb   Thumb Code   108  edpkit.o(.text)
    UnpackSavedataType1Int                   0x08003eab   Thumb Code   202  edpkit.o(.text)
    UnpackSavedataType1Double                0x08003f75   Thumb Code   206  edpkit.o(.text)
    UnpackSavedataType1String                0x08004043   Thumb Code   246  edpkit.o(.text)
    UnpackSavedataType2Int                   0x08004139   Thumb Code    96  edpkit.o(.text)
    UnpackSavedataType2Double                0x08004199   Thumb Code   100  edpkit.o(.text)
    UnpackSavedataType2String                0x080041fd   Thumb Code   140  edpkit.o(.text)
    UnpackSavedataType3Int                   0x08004289   Thumb Code   110  edpkit.o(.text)
    UnpackSavedataType3Double                0x080042f7   Thumb Code   114  edpkit.o(.text)
    UnpackSavedataType3String                0x08004369   Thumb Code   148  edpkit.o(.text)
    .text                                    0x08004b2c   Section        0  esp8266.o(.text)
    .text                                    0x0800538c   Section        0  tolower.o(.text)
    .text                                    0x08005398   Section        0  memmovea.o(.text)
    .text                                    0x080053d8   Section        0  memseta.o(.text)
    .text                                    0x080053fe   Section        0  strcat.o(.text)
    .text                                    0x0800541a   Section        0  strstr.o(.text)
    .text                                    0x08005446   Section        0  strncpy.o(.text)
    .text                                    0x0800545e   Section        0  strchr.o(.text)
    .text                                    0x08005470   Section        0  strlen.o(.text)
    .text                                    0x08005480   Section        0  strcpy.o(.text)
    .text                                    0x08005492   Section        0  strncmp.o(.text)
    .text                                    0x080054b0   Section        0  dadd.o(.text)
    .text                                    0x080055fc   Section        0  dmul.o(.text)
    .text                                    0x080056dc   Section        0  dflti.o(.text)
    .text                                    0x080056fe   Section        0  dfixi.o(.text)
    .text                                    0x0800573c   Section        0  f2d.o(.text)
    .text                                    0x08005768   Section       40  cdcmple.o(.text)
    .text                                    0x08005790   Section       40  cdrcmple.o(.text)
    .text                                    0x080057b8   Section        0  uidiv.o(.text)
    .text                                    0x080057e4   Section        0  uldiv.o(.text)
    .text                                    0x08005846   Section        0  llshl.o(.text)
    .text                                    0x08005864   Section        0  llushr.o(.text)
    .text                                    0x08005884   Section        0  llsshr.o(.text)
    .text                                    0x080058a8   Section        0  depilogue.o(.text)
    .text                                    0x080058a8   Section        0  iusefp.o(.text)
    .text                                    0x08005966   Section        0  ddiv.o(.text)
    .text                                    0x08005a44   Section        0  dscalb.o(.text)
    .text                                    0x08005a72   Section        0  dfixul.o(.text)
    .text                                    0x08005aa4   Section       36  init.o(.text)
    .text                                    0x08005ac8   Section        0  dsqrt.o(.text)
    i.__0printf                              0x08005b6c   Section        0  printfa.o(i.__0printf)
    i.__0sprintf                             0x08005b8c   Section        0  printfa.o(i.__0sprintf)
    i.__ARM_fpclassify                       0x08005bb4   Section        0  fpclassify.o(i.__ARM_fpclassify)
    i.__kernel_poly                          0x08005bdc   Section        0  poly.o(i.__kernel_poly)
    i.__mathlib_dbl_underflow                0x08005c88   Section        0  dunder.o(i.__mathlib_dbl_underflow)
    i.__scatterload_copy                     0x08005c98   Section       14  handlers.o(i.__scatterload_copy)
    i.__scatterload_null                     0x08005ca6   Section        2  handlers.o(i.__scatterload_null)
    i.__scatterload_zeroinit                 0x08005ca8   Section       14  handlers.o(i.__scatterload_zeroinit)
    i.__set_errno                            0x08005cb8   Section        0  errno.o(i.__set_errno)
    i._fp_digits                             0x08005cc4   Section        0  printfa.o(i._fp_digits)
    _fp_digits                               0x08005cc5   Thumb Code   324  printfa.o(i._fp_digits)
    i._printf_core                           0x08005e1c   Section        0  printfa.o(i._printf_core)
    _printf_core                             0x08005e1d   Thumb Code  1782  printfa.o(i._printf_core)
    i._printf_post_padding                   0x08006520   Section        0  printfa.o(i._printf_post_padding)
    _printf_post_padding                     0x08006521   Thumb Code    38  printfa.o(i._printf_post_padding)
    i._printf_pre_padding                    0x08006546   Section        0  printfa.o(i._printf_pre_padding)
    _printf_pre_padding                      0x08006547   Thumb Code    48  printfa.o(i._printf_pre_padding)
    i._sputc                                 0x08006576   Section        0  printfa.o(i._sputc)
    _sputc                                   0x08006577   Thumb Code    10  printfa.o(i._sputc)
    i.floor                                  0x08006580   Section        0  floor.o(i.floor)
    i.free                                   0x0800665c   Section        0  malloc.o(i.free)
    i.malloc                                 0x080066ac   Section        0  malloc.o(i.malloc)
    i.pow                                    0x08006718   Section        0  pow.o(i.pow)
    i.sqrt                                   0x08007104   Section        0  sqrt.o(i.sqrt)
    .constdata                               0x08007150   Section        7  cjson.o(.constdata)
    firstByteMark                            0x08007150   Data           7  cjson.o(.constdata)
    .constdata                               0x08007158   Section      136  pow.o(.constdata)
    bp                                       0x08007158   Data          16  pow.o(.constdata)
    dp_h                                     0x08007168   Data          16  pow.o(.constdata)
    dp_l                                     0x08007178   Data          16  pow.o(.constdata)
    L                                        0x08007188   Data          48  pow.o(.constdata)
    P                                        0x080071b8   Data          40  pow.o(.constdata)
    .constdata                               0x080071e0   Section        8  qnan.o(.constdata)
    .data                                    0x20000000   Section       20  system_stm32f10x.o(.data)
    .data                                    0x20000014   Section       20  stm32f10x_rcc.o(.data)
    APBAHBPrescTable                         0x20000014   Data          16  stm32f10x_rcc.o(.data)
    ADCPrescTable                            0x20000024   Data           4  stm32f10x_rcc.o(.data)
    .data                                    0x20000028   Section       12  usart2.o(.data)
    .data                                    0x20000034   Section        4  led.o(.data)
    .data                                    0x20000038   Section       12  cjson.o(.data)
    cJSON_malloc                             0x20000038   Data           4  cjson.o(.data)
    cJSON_free                               0x2000003c   Data           4  cjson.o(.data)
    ep                                       0x20000040   Data           4  cjson.o(.data)
    .data                                    0x20000044   Section        4  esp8266.o(.data)
    .data                                    0x20000048   Section        4  stdout.o(.data)
    .data                                    0x2000004c   Section        4  mvars.o(.data)
    .data                                    0x20000050   Section        4  mvars.o(.data)
    .data                                    0x20000054   Section        4  errno.o(.data)
    _errno                                   0x20000054   Data           4  errno.o(.data)
    .bss                                     0x20000058   Section     1280  usart2.o(.bss)
    .bss                                     0x20000558   Section     1024  esp8266.o(.bss)
    HEAP                                     0x20000958   Section      512  startup_stm32f10x_hd.o(HEAP)
    STACK                                    0x20000b58   Section     1024  startup_stm32f10x_hd.o(STACK)

    Global Symbols

    Symbol Name                              Value     Ov Type        Size  Object(Section)

    BuildAttributes$$THM_ISAv4$P$D$K$B$S$PE$A:L22UL41UL21$X:L11$S22US41US21$IEEE1$IW$USESV6$~STKCKD$USESV7$~SHL$OTIME$ROPI$IEEEX$EBA8$MICROLIB$REQ8$PRES8$EABIv2 0x00000000   Number         0  anon$$obj.o ABSOLUTE
    __ARM_use_no_argv                        0x00000000   Number         0  main.o ABSOLUTE
    _printf_a                                0x00000000   Number         0  stubs.o ABSOLUTE
    _printf_c                                0x00000000   Number         0  stubs.o ABSOLUTE
    _printf_charcount                        0x00000000   Number         0  stubs.o ABSOLUTE
    _printf_d                                0x00000000   Number         0  stubs.o ABSOLUTE
    _printf_e                                0x00000000   Number         0  stubs.o ABSOLUTE
    _printf_f                                0x00000000   Number         0  stubs.o ABSOLUTE
    _printf_flags                            0x00000000   Number         0  stubs.o ABSOLUTE
    _printf_fp_dec                           0x00000000   Number         0  stubs.o ABSOLUTE
    _printf_fp_hex                           0x00000000   Number         0  stubs.o ABSOLUTE
    _printf_g                                0x00000000   Number         0  stubs.o ABSOLUTE
    _printf_i                                0x00000000   Number         0  stubs.o ABSOLUTE
    _printf_int_dec                          0x00000000   Number         0  stubs.o ABSOLUTE
    _printf_l                                0x00000000   Number         0  stubs.o ABSOLUTE
    _printf_lc                               0x00000000   Number         0  stubs.o ABSOLUTE
    _printf_ll                               0x00000000   Number         0  stubs.o ABSOLUTE
    _printf_lld                              0x00000000   Number         0  stubs.o ABSOLUTE
    _printf_lli                              0x00000000   Number         0  stubs.o ABSOLUTE
    _printf_llo                              0x00000000   Number         0  stubs.o ABSOLUTE
    _printf_llu                              0x00000000   Number         0  stubs.o ABSOLUTE
    _printf_llx                              0x00000000   Number         0  stubs.o ABSOLUTE
    _printf_longlong_dec                     0x00000000   Number         0  stubs.o ABSOLUTE
    _printf_longlong_hex                     0x00000000   Number         0  stubs.o ABSOLUTE
    _printf_longlong_oct                     0x00000000   Number         0  stubs.o ABSOLUTE
    _printf_ls                               0x00000000   Number         0  stubs.o ABSOLUTE
    _printf_mbtowc                           0x00000000   Number         0  stubs.o ABSOLUTE
    _printf_n                                0x00000000   Number         0  stubs.o ABSOLUTE
    _printf_o                                0x00000000   Number         0  stubs.o ABSOLUTE
    _printf_p                                0x00000000   Number         0  stubs.o ABSOLUTE
    _printf_percent                          0x00000000   Number         0  stubs.o ABSOLUTE
    _printf_pre_padding                      0x00000000   Number         0  stubs.o ABSOLUTE
    _printf_return_value                     0x00000000   Number         0  stubs.o ABSOLUTE
    _printf_s                                0x00000000   Number         0  stubs.o ABSOLUTE
    _printf_sizespec                         0x00000000   Number         0  stubs.o ABSOLUTE
    _printf_str                              0x00000000   Number         0  stubs.o ABSOLUTE
    _printf_truncate_signed                  0x00000000   Number         0  stubs.o ABSOLUTE
    _printf_truncate_unsigned                0x00000000   Number         0  stubs.o ABSOLUTE
    _printf_u                                0x00000000   Number         0  stubs.o ABSOLUTE
    _printf_wc                               0x00000000   Number         0  stubs.o ABSOLUTE
    _printf_wctomb                           0x00000000   Number         0  stubs.o ABSOLUTE
    _printf_widthprec                        0x00000000   Number         0  stubs.o ABSOLUTE
    _printf_x                                0x00000000   Number         0  stubs.o ABSOLUTE
    __decompress                              - Undefined Weak Reference
    _clock_init                               - Undefined Weak Reference
    __Vectors_Size                           0x00000130   Number         0  startup_stm32f10x_hd.o ABSOLUTE
    __Vectors                                0x08000000   Data           4  startup_stm32f10x_hd.o(RESET)
    __Vectors_End                            0x08000130   Data           0  startup_stm32f10x_hd.o(RESET)
    __main                                   0x08000131   Thumb Code     0  entry.o(.ARM.Collect$$$$00000000)
    _main_stk                                0x08000131   Thumb Code     0  entry2.o(.ARM.Collect$$$$00000001)
    _main_scatterload                        0x08000135   Thumb Code     0  entry5.o(.ARM.Collect$$$$00000004)
    __main_after_scatterload                 0x08000139   Thumb Code     0  entry5.o(.ARM.Collect$$$$00000004)
    _main_clock                              0x08000139   Thumb Code     0  entry7b.o(.ARM.Collect$$$$00000008)
    _main_init                               0x08000139   Thumb Code     0  entry8.o(.ARM.Collect$$$$00000009)
    SystemInit                               0x0800020d   Thumb Code    78  system_stm32f10x.o(.text)
    SystemCoreClockUpdate                    0x0800025b   Thumb Code   142  system_stm32f10x.o(.text)
    Reset_Handler                            0x08000315   Thumb Code     8  startup_stm32f10x_hd.o(.text)
    ADC1_2_IRQHandler                        0x0800032f   Thumb Code     0  startup_stm32f10x_hd.o(.text)
    ADC3_IRQHandler                          0x0800032f   Thumb Code     0  startup_stm32f10x_hd.o(.text)
    CAN1_RX1_IRQHandler                      0x0800032f   Thumb Code     0  startup_stm32f10x_hd.o(.text)
    CAN1_SCE_IRQHandler                      0x0800032f   Thumb Code     0  startup_stm32f10x_hd.o(.text)
    DMA1_Channel1_IRQHandler                 0x0800032f   Thumb Code     0  startup_stm32f10x_hd.o(.text)
    DMA1_Channel2_IRQHandler                 0x0800032f   Thumb Code     0  startup_stm32f10x_hd.o(.text)
    DMA1_Channel3_IRQHandler                 0x0800032f   Thumb Code     0  startup_stm32f10x_hd.o(.text)
    DMA1_Channel4_IRQHandler                 0x0800032f   Thumb Code     0  startup_stm32f10x_hd.o(.text)
    DMA1_Channel5_IRQHandler                 0x0800032f   Thumb Code     0  startup_stm32f10x_hd.o(.text)
    DMA1_Channel6_IRQHandler                 0x0800032f   Thumb Code     0  startup_stm32f10x_hd.o(.text)
    DMA1_Channel7_IRQHandler                 0x0800032f   Thumb Code     0  startup_stm32f10x_hd.o(.text)
    DMA2_Channel1_IRQHandler                 0x0800032f   Thumb Code     0  startup_stm32f10x_hd.o(.text)
    DMA2_Channel2_IRQHandler                 0x0800032f   Thumb Code     0  startup_stm32f10x_hd.o(.text)
    DMA2_Channel3_IRQHandler                 0x0800032f   Thumb Code     0  startup_stm32f10x_hd.o(.text)
    DMA2_Channel4_5_IRQHandler               0x0800032f   Thumb Code     0  startup_stm32f10x_hd.o(.text)
    EXTI1_IRQHandler                         0x0800032f   Thumb Code     0  startup_stm32f10x_hd.o(.text)
    EXTI3_IRQHandler                         0x0800032f   Thumb Code     0  startup_stm32f10x_hd.o(.text)
    EXTI4_IRQHandler                         0x0800032f   Thumb Code     0  startup_stm32f10x_hd.o(.text)
    EXTI9_5_IRQHandler                       0x0800032f   Thumb Code     0  startup_stm32f10x_hd.o(.text)
    FLASH_IRQHandler                         0x0800032f   Thumb Code     0  startup_stm32f10x_hd.o(.text)
    FSMC_IRQHandler                          0x0800032f   Thumb Code     0  startup_stm32f10x_hd.o(.text)
    I2C1_ER_IRQHandler                       0x0800032f   Thumb Code     0  startup_stm32f10x_hd.o(.text)
    I2C1_EV_IRQHandler                       0x0800032f   Thumb Code     0  startup_stm32f10x_hd.o(.text)
    I2C2_ER_IRQHandler                       0x0800032f   Thumb Code     0  startup_stm32f10x_hd.o(.text)
    I2C2_EV_IRQHandler                       0x0800032f   Thumb Code     0  startup_stm32f10x_hd.o(.text)
    PVD_IRQHandler                           0x0800032f   Thumb Code     0  startup_stm32f10x_hd.o(.text)
    RCC_IRQHandler                           0x0800032f   Thumb Code     0  startup_stm32f10x_hd.o(.text)
    RTCAlarm_IRQHandler                      0x0800032f   Thumb Code     0  startup_stm32f10x_hd.o(.text)
    SDIO_IRQHandler                          0x0800032f   Thumb Code     0  startup_stm32f10x_hd.o(.text)
    SPI1_IRQHandler                          0x0800032f   Thumb Code     0  startup_stm32f10x_hd.o(.text)
    SPI2_IRQHandler                          0x0800032f   Thumb Code     0  startup_stm32f10x_hd.o(.text)
    SPI3_IRQHandler                          0x0800032f   Thumb Code     0  startup_stm32f10x_hd.o(.text)
    TAMPER_IRQHandler                        0x0800032f   Thumb Code     0  startup_stm32f10x_hd.o(.text)
    TIM1_BRK_IRQHandler                      0x0800032f   Thumb Code     0  startup_stm32f10x_hd.o(.text)
    TIM1_CC_IRQHandler                       0x0800032f   Thumb Code     0  startup_stm32f10x_hd.o(.text)
    TIM1_TRG_COM_IRQHandler                  0x0800032f   Thumb Code     0  startup_stm32f10x_hd.o(.text)
    TIM1_UP_IRQHandler                       0x0800032f   Thumb Code     0  startup_stm32f10x_hd.o(.text)
    TIM2_IRQHandler                          0x0800032f   Thumb Code     0  startup_stm32f10x_hd.o(.text)
    TIM3_IRQHandler                          0x0800032f   Thumb Code     0  startup_stm32f10x_hd.o(.text)
    TIM4_IRQHandler                          0x0800032f   Thumb Code     0  startup_stm32f10x_hd.o(.text)
    TIM5_IRQHandler                          0x0800032f   Thumb Code     0  startup_stm32f10x_hd.o(.text)
    TIM6_IRQHandler                          0x0800032f   Thumb Code     0  startup_stm32f10x_hd.o(.text)
    TIM7_IRQHandler                          0x0800032f   Thumb Code     0  startup_stm32f10x_hd.o(.text)
    TIM8_BRK_IRQHandler                      0x0800032f   Thumb Code     0  startup_stm32f10x_hd.o(.text)
    TIM8_CC_IRQHandler                       0x0800032f   Thumb Code     0  startup_stm32f10x_hd.o(.text)
    TIM8_TRG_COM_IRQHandler                  0x0800032f   Thumb Code     0  startup_stm32f10x_hd.o(.text)
    TIM8_UP_IRQHandler                       0x0800032f   Thumb Code     0  startup_stm32f10x_hd.o(.text)
    UART4_IRQHandler                         0x0800032f   Thumb Code     0  startup_stm32f10x_hd.o(.text)
    UART5_IRQHandler                         0x0800032f   Thumb Code     0  startup_stm32f10x_hd.o(.text)
    USART3_IRQHandler                        0x0800032f   Thumb Code     0  startup_stm32f10x_hd.o(.text)
    USBWakeUp_IRQHandler                     0x0800032f   Thumb Code     0  startup_stm32f10x_hd.o(.text)
    USB_HP_CAN1_TX_IRQHandler                0x0800032f   Thumb Code     0  startup_stm32f10x_hd.o(.text)
    USB_LP_CAN1_RX0_IRQHandler               0x0800032f   Thumb Code     0  startup_stm32f10x_hd.o(.text)
    WWDG_IRQHandler                          0x0800032f   Thumb Code     0  startup_stm32f10x_hd.o(.text)
    main                                     0x08000339   Thumb Code    64  main.o(.text)
    NMI_Handler                              0x080003a1   Thumb Code     2  stm32f10x_it.o(.text)
    HardFault_Handler                        0x080003a3   Thumb Code     4  stm32f10x_it.o(.text)
    MemManage_Handler                        0x080003a7   Thumb Code     4  stm32f10x_it.o(.text)
    BusFault_Handler                         0x080003ab   Thumb Code     4  stm32f10x_it.o(.text)
    UsageFault_Handler                       0x080003af   Thumb Code     4  stm32f10x_it.o(.text)
    SVC_Handler                              0x080003b3   Thumb Code     2  stm32f10x_it.o(.text)
    DebugMon_Handler                         0x080003b5   Thumb Code     2  stm32f10x_it.o(.text)
    PendSV_Handler                           0x080003b7   Thumb Code     2  stm32f10x_it.o(.text)
    SysTick_Handler                          0x080003b9   Thumb Code     2  stm32f10x_it.o(.text)
    EXTI0_IRQHandler                         0x080003bb   Thumb Code     2  stm32f10x_it.o(.text)
    USART1_IRQHandler                        0x080003bd   Thumb Code     2  stm32f10x_it.o(.text)
    USART2_IRQHandler                        0x080003bf   Thumb Code   122  stm32f10x_it.o(.text)
    RTC_IRQHandler                           0x08000439   Thumb Code     2  stm32f10x_it.o(.text)
    NVIC_PriorityGroupConfig                 0x08000455   Thumb Code    10  misc.o(.text)
    NVIC_Init                                0x0800045f   Thumb Code   102  misc.o(.text)
    NVIC_SetVectorTable                      0x080004c5   Thumb Code    14  misc.o(.text)
    NVIC_SystemLPConfig                      0x080004d3   Thumb Code    34  misc.o(.text)
    SysTick_CLKSourceConfig                  0x080004f5   Thumb Code    40  misc.o(.text)
    EXTI_DeInit                              0x08000531   Thumb Code    28  stm32f10x_exti.o(.text)
    EXTI_Init                                0x0800054d   Thumb Code   142  stm32f10x_exti.o(.text)
    EXTI_StructInit                          0x080005db   Thumb Code    16  stm32f10x_exti.o(.text)
    EXTI_GenerateSWInterrupt                 0x080005eb   Thumb Code    16  stm32f10x_exti.o(.text)
    EXTI_GetFlagStatus                       0x080005fb   Thumb Code    22  stm32f10x_exti.o(.text)
    EXTI_ClearFlag                           0x08000611   Thumb Code     8  stm32f10x_exti.o(.text)
    EXTI_GetITStatus                         0x08000619   Thumb Code    34  stm32f10x_exti.o(.text)
    EXTI_ClearITPendingBit                   0x0800063b   Thumb Code     8  stm32f10x_exti.o(.text)
    GPIO_DeInit                              0x0800064d   Thumb Code   172  stm32f10x_gpio.o(.text)
    GPIO_AFIODeInit                          0x080006f9   Thumb Code    20  stm32f10x_gpio.o(.text)
    GPIO_Init                                0x0800070d   Thumb Code   274  stm32f10x_gpio.o(.text)
    GPIO_StructInit                          0x0800081f   Thumb Code    16  stm32f10x_gpio.o(.text)
    GPIO_ReadInputDataBit                    0x0800082f   Thumb Code    18  stm32f10x_gpio.o(.text)
    GPIO_ReadInputData                       0x08000841   Thumb Code     8  stm32f10x_gpio.o(.text)
    GPIO_ReadOutputDataBit                   0x08000849   Thumb Code    18  stm32f10x_gpio.o(.text)
    GPIO_ReadOutputData                      0x0800085b   Thumb Code     8  stm32f10x_gpio.o(.text)
    GPIO_SetBits                             0x08000863   Thumb Code     4  stm32f10x_gpio.o(.text)
    GPIO_ResetBits                           0x08000867   Thumb Code     4  stm32f10x_gpio.o(.text)
    GPIO_WriteBit                            0x0800086b   Thumb Code    10  stm32f10x_gpio.o(.text)
    GPIO_Write                               0x08000875   Thumb Code     4  stm32f10x_gpio.o(.text)
    GPIO_PinLockConfig                       0x08000879   Thumb Code    18  stm32f10x_gpio.o(.text)
    GPIO_EventOutputConfig                   0x0800088b   Thumb Code    26  stm32f10x_gpio.o(.text)
    GPIO_EventOutputCmd                      0x080008a5   Thumb Code     6  stm32f10x_gpio.o(.text)
    GPIO_PinRemapConfig                      0x080008ab   Thumb Code   138  stm32f10x_gpio.o(.text)
    GPIO_EXTILineConfig                      0x08000935   Thumb Code    66  stm32f10x_gpio.o(.text)
    GPIO_ETH_MediaInterfaceConfig            0x08000977   Thumb Code     6  stm32f10x_gpio.o(.text)
    RCC_DeInit                               0x080009a5   Thumb Code    64  stm32f10x_rcc.o(.text)
    RCC_HSEConfig                            0x080009e5   Thumb Code    70  stm32f10x_rcc.o(.text)
    RCC_GetFlagStatus                        0x08000a2b   Thumb Code    56  stm32f10x_rcc.o(.text)
    RCC_WaitForHSEStartUp                    0x08000a63   Thumb Code    48  stm32f10x_rcc.o(.text)
    RCC_AdjustHSICalibrationValue            0x08000a93   Thumb Code    20  stm32f10x_rcc.o(.text)
    RCC_HSICmd                               0x08000aa7   Thumb Code     6  stm32f10x_rcc.o(.text)
    RCC_PLLConfig                            0x08000aad   Thumb Code    24  stm32f10x_rcc.o(.text)
    RCC_PLLCmd                               0x08000ac5   Thumb Code     6  stm32f10x_rcc.o(.text)
    RCC_SYSCLKConfig                         0x08000acb   Thumb Code    18  stm32f10x_rcc.o(.text)
    RCC_GetSYSCLKSource                      0x08000add   Thumb Code    10  stm32f10x_rcc.o(.text)
    RCC_HCLKConfig                           0x08000ae7   Thumb Code    18  stm32f10x_rcc.o(.text)
    RCC_PCLK1Config                          0x08000af9   Thumb Code    18  stm32f10x_rcc.o(.text)
    RCC_PCLK2Config                          0x08000b0b   Thumb Code    20  stm32f10x_rcc.o(.text)
    RCC_ITConfig                             0x08000b1f   Thumb Code    30  stm32f10x_rcc.o(.text)
    RCC_USBCLKConfig                         0x08000b3d   Thumb Code     6  stm32f10x_rcc.o(.text)
    RCC_ADCCLKConfig                         0x08000b43   Thumb Code    18  stm32f10x_rcc.o(.text)
    RCC_LSEConfig                            0x08000b55   Thumb Code    44  stm32f10x_rcc.o(.text)
    RCC_LSICmd                               0x08000b81   Thumb Code     6  stm32f10x_rcc.o(.text)
    RCC_RTCCLKConfig                         0x08000b87   Thumb Code    12  stm32f10x_rcc.o(.text)
    RCC_RTCCLKCmd                            0x08000b93   Thumb Code     8  stm32f10x_rcc.o(.text)
    RCC_GetClocksFreq                        0x08000b9b   Thumb Code   192  stm32f10x_rcc.o(.text)
    RCC_AHBPeriphClockCmd                    0x08000c5b   Thumb Code    26  stm32f10x_rcc.o(.text)
    RCC_APB2PeriphClockCmd                   0x08000c75   Thumb Code    26  stm32f10x_rcc.o(.text)
    RCC_APB1PeriphClockCmd                   0x08000c8f   Thumb Code    26  stm32f10x_rcc.o(.text)
    RCC_APB2PeriphResetCmd                   0x08000ca9   Thumb Code    26  stm32f10x_rcc.o(.text)
    RCC_APB1PeriphResetCmd                   0x08000cc3   Thumb Code    26  stm32f10x_rcc.o(.text)
    RCC_BackupResetCmd                       0x08000cdd   Thumb Code     8  stm32f10x_rcc.o(.text)
    RCC_ClockSecuritySystemCmd               0x08000ce5   Thumb Code     6  stm32f10x_rcc.o(.text)
    RCC_MCOConfig                            0x08000ceb   Thumb Code     6  stm32f10x_rcc.o(.text)
    RCC_ClearFlag                            0x08000cf1   Thumb Code    14  stm32f10x_rcc.o(.text)
    RCC_GetITStatus                          0x08000cff   Thumb Code    20  stm32f10x_rcc.o(.text)
    RCC_ClearITPendingBit                    0x08000d13   Thumb Code     6  stm32f10x_rcc.o(.text)
    USART_DeInit                             0x08000d4d   Thumb Code   134  stm32f10x_usart.o(.text)
    USART_Init                               0x08000dd3   Thumb Code   210  stm32f10x_usart.o(.text)
    USART_StructInit                         0x08000ea5   Thumb Code    24  stm32f10x_usart.o(.text)
    USART_ClockInit                          0x08000ebd   Thumb Code    34  stm32f10x_usart.o(.text)
    USART_ClockStructInit                    0x08000edf   Thumb Code    12  stm32f10x_usart.o(.text)
    USART_Cmd                                0x08000eeb   Thumb Code    24  stm32f10x_usart.o(.text)
    USART_ITConfig                           0x08000f03   Thumb Code    74  stm32f10x_usart.o(.text)
    USART_DMACmd                             0x08000f4d   Thumb Code    24  stm32f10x_usart.o(.text)
    USART_SetAddress                         0x08000f65   Thumb Code    18  stm32f10x_usart.o(.text)
    USART_WakeUpConfig                       0x08000f77   Thumb Code    18  stm32f10x_usart.o(.text)
    USART_ReceiverWakeUpCmd                  0x08000f89   Thumb Code    24  stm32f10x_usart.o(.text)
    USART_LINBreakDetectLengthConfig         0x08000fa1   Thumb Code    18  stm32f10x_usart.o(.text)
    USART_LINCmd                             0x08000fb3   Thumb Code    24  stm32f10x_usart.o(.text)
    USART_SendData                           0x08000fcb   Thumb Code     8  stm32f10x_usart.o(.text)
    USART_ReceiveData                        0x08000fd3   Thumb Code    10  stm32f10x_usart.o(.text)
    USART_SendBreak                          0x08000fdd   Thumb Code    10  stm32f10x_usart.o(.text)
    USART_SetGuardTime                       0x08000fe7   Thumb Code    16  stm32f10x_usart.o(.text)
    USART_SetPrescaler                       0x08000ff7   Thumb Code    16  stm32f10x_usart.o(.text)
    USART_SmartCardCmd                       0x08001007   Thumb Code    24  stm32f10x_usart.o(.text)
    USART_SmartCardNACKCmd                   0x0800101f   Thumb Code    24  stm32f10x_usart.o(.text)
    USART_HalfDuplexCmd                      0x08001037   Thumb Code    24  stm32f10x_usart.o(.text)
    USART_OverSampling8Cmd                   0x0800104f   Thumb Code    22  stm32f10x_usart.o(.text)
    USART_OneBitMethodCmd                    0x08001065   Thumb Code    24  stm32f10x_usart.o(.text)
    USART_IrDAConfig                         0x0800107d   Thumb Code    18  stm32f10x_usart.o(.text)
    USART_IrDACmd                            0x0800108f   Thumb Code    24  stm32f10x_usart.o(.text)
    USART_GetFlagStatus                      0x080010a7   Thumb Code    26  stm32f10x_usart.o(.text)
    USART_ClearFlag                          0x080010c1   Thumb Code    18  stm32f10x_usart.o(.text)
    USART_GetITStatus                        0x080010d3   Thumb Code    84  stm32f10x_usart.o(.text)
    USART_ClearITPendingBit                  0x08001127   Thumb Code    50  stm32f10x_usart.o(.text)
    fputc                                    0x08001159   Thumb Code    32  usart1.o(.text)
    USART1_Init                              0x08001179   Thumb Code   152  usart1.o(.text)
    usart1_write                             0x08001211   Thumb Code    50  usart1.o(.text)
    USART2_Init                              0x0800124d   Thumb Code   158  usart2.o(.text)
    usart2_write                             0x080012eb   Thumb Code    56  usart2.o(.text)
    LED_Init                                 0x0800132d   Thumb Code    76  led.o(.text)
    LED_CmdCtl                               0x08001379   Thumb Code   208  led.o(.text)
    LED_Switch                               0x08001449   Thumb Code   176  led.o(.text)
    LED_GetValue                             0x080014f9   Thumb Code   106  led.o(.text)
    mDelay                                   0x080015c1   Thumb Code    26  key.o(.text)
    KEY_Init                                 0x080015db   Thumb Code   350  key.o(.text)
    EXTI15_10_IRQHandler                     0x08001739   Thumb Code   202  key.o(.text)
    EXTI2_IRQHandler                         0x08001803   Thumb Code    64  key.o(.text)
    cJSON_GetErrorPtr                        0x08001851   Thumb Code     6  cjson.o(.text)
    cJSON_InitHooks                          0x080018cd   Thumb Code    48  cjson.o(.text)
    cJSON_Delete                             0x08001917   Thumb Code    82  cjson.o(.text)
    cJSON_ParseWithOpts                      0x080024cd   Thumb Code    96  cjson.o(.text)
    cJSON_Parse                              0x0800252d   Thumb Code    16  cjson.o(.text)
    cJSON_Print                              0x08002cc1   Thumb Code    18  cjson.o(.text)
    cJSON_PrintUnformatted                   0x08002cd3   Thumb Code    30  cjson.o(.text)
    cJSON_PrintBuffered                      0x08002cf1   Thumb Code    38  cjson.o(.text)
    cJSON_GetArraySize                       0x08002d17   Thumb Code    18  cjson.o(.text)
    cJSON_GetArrayItem                       0x08002d29   Thumb Code    18  cjson.o(.text)
    cJSON_GetObjectItem                      0x08002d3b   Thumb Code    30  cjson.o(.text)
    cJSON_AddItemToArray                     0x08002d8f   Thumb Code    42  cjson.o(.text)
    cJSON_AddItemToObject                    0x08002db9   Thumb Code    44  cjson.o(.text)
    cJSON_AddItemToObjectCS                  0x08002de5   Thumb Code    54  cjson.o(.text)
    cJSON_AddItemReferenceToArray            0x08002e1b   Thumb Code    24  cjson.o(.text)
    cJSON_AddItemReferenceToObject           0x08002e33   Thumb Code    32  cjson.o(.text)
    cJSON_DetachItemFromArray                0x08002e53   Thumb Code    66  cjson.o(.text)
    cJSON_DeleteItemFromArray                0x08002e95   Thumb Code    22  cjson.o(.text)
    cJSON_DetachItemFromObject               0x08002eab   Thumb Code    50  cjson.o(.text)
    cJSON_DeleteItemFromObject               0x08002edd   Thumb Code    22  cjson.o(.text)
    cJSON_InsertItemInArray                  0x08002ef3   Thumb Code    64  cjson.o(.text)
    cJSON_ReplaceItemInArray                 0x08002f33   Thumb Code    76  cjson.o(.text)
    cJSON_ReplaceItemInObject                0x08002f7f   Thumb Code    62  cjson.o(.text)
    cJSON_CreateNull                         0x08002fbd   Thumb Code    18  cjson.o(.text)
    cJSON_CreateTrue                         0x08002fcf   Thumb Code    18  cjson.o(.text)
    cJSON_CreateFalse                        0x08002fe1   Thumb Code    18  cjson.o(.text)
    cJSON_CreateBool                         0x08002ff3   Thumb Code    26  cjson.o(.text)
    cJSON_CreateNumber                       0x0800300d   Thumb Code    36  cjson.o(.text)
    cJSON_CreateString                       0x08003031   Thumb Code    28  cjson.o(.text)
    cJSON_CreateArray                        0x0800304d   Thumb Code    18  cjson.o(.text)
    cJSON_CreateObject                       0x0800305f   Thumb Code    18  cjson.o(.text)
    cJSON_CreateIntArray                     0x08003071   Thumb Code    74  cjson.o(.text)
    cJSON_CreateFloatArray                   0x080030bb   Thumb Code    82  cjson.o(.text)
    cJSON_CreateDoubleArray                  0x0800310d   Thumb Code    68  cjson.o(.text)
    cJSON_CreateStringArray                  0x08003151   Thumb Code    62  cjson.o(.text)
    cJSON_Duplicate                          0x0800318f   Thumb Code   172  cjson.o(.text)
    cJSON_Minify                             0x0800323b   Thumb Code   186  cjson.o(.text)
    assert                                   0x080032f5   Thumb Code     2  edpkit.o(.text)
    NewBuffer                                0x080032fd   Thumb Code    36  edpkit.o(.text)
    DeleteBuffer                             0x08003321   Thumb Code    26  edpkit.o(.text)
    CheckCapacity                            0x0800333b   Thumb Code    90  edpkit.o(.text)
    ReadByte                                 0x08003395   Thumb Code    36  edpkit.o(.text)
    ReadBytes                                0x080033b9   Thumb Code    56  edpkit.o(.text)
    ReadUint16                               0x080033f1   Thumb Code    54  edpkit.o(.text)
    ReadUint32                               0x08003427   Thumb Code    54  edpkit.o(.text)
    ReadStr                                  0x0800345d   Thumb Code   102  edpkit.o(.text)
    ReadRemainlen                            0x080034c3   Thumb Code    82  edpkit.o(.text)
    WriteByte                                0x08003515   Thumb Code    54  edpkit.o(.text)
    WriteBytes                               0x0800354b   Thumb Code    64  edpkit.o(.text)
    WriteUint16                              0x0800358b   Thumb Code    50  edpkit.o(.text)
    WriteUint32                              0x080035bd   Thumb Code    74  edpkit.o(.text)
    WriteStr                                 0x08003607   Thumb Code    62  edpkit.o(.text)
    WriteRemainlen                           0x08003645   Thumb Code    80  edpkit.o(.text)
    PacketConnect1                           0x08003695   Thumb Code   106  edpkit.o(.text)
    PacketConnect2                           0x080036ff   Thumb Code   124  edpkit.o(.text)
    PacketPushdata                           0x0800377b   Thumb Code    70  edpkit.o(.text)
    PacketSavedataJson                       0x080037c1   Thumb Code   142  edpkit.o(.text)
    PacketSavedataInt                        0x08003d37   Thumb Code    98  edpkit.o(.text)
    PacketSavedataDouble                     0x08003d99   Thumb Code   108  edpkit.o(.text)
    PacketSavedataString                     0x08003e05   Thumb Code    98  edpkit.o(.text)
    UnpackSavedataJson                       0x08003e67   Thumb Code    68  edpkit.o(.text)
    UnpackSavedataInt                        0x080043fd   Thumb Code    88  edpkit.o(.text)
    UnpackSavedataDouble                     0x08004455   Thumb Code    88  edpkit.o(.text)
    UnpackSavedataString                     0x080044ad   Thumb Code    88  edpkit.o(.text)
    UnpackSavedataAck                        0x08004505   Thumb Code    86  edpkit.o(.text)
    PacketSavedataBin                        0x0800455b   Thumb Code   200  edpkit.o(.text)
    PacketSavedataBinStr                     0x08004623   Thumb Code   180  edpkit.o(.text)
    PacketCmdResp                            0x080046d7   Thumb Code    98  edpkit.o(.text)
    PacketPing                               0x08004739   Thumb Code    30  edpkit.o(.text)
    IsPkgComplete                            0x08004757   Thumb Code    96  edpkit.o(.text)
    GetEdpPacket                             0x080047b7   Thumb Code    80  edpkit.o(.text)
    EdpPacketType                            0x08004807   Thumb Code    22  edpkit.o(.text)
    UnpackConnectResp                        0x0800481d   Thumb Code    76  edpkit.o(.text)
    UnpackPushdata                           0x08004869   Thumb Code   102  edpkit.o(.text)
    UnpackSavedata                           0x080048cf   Thumb Code    88  edpkit.o(.text)
    UnpackSavedataBin                        0x08004927   Thumb Code   108  edpkit.o(.text)
    UnpackSavedataBinStr                     0x08004993   Thumb Code    88  edpkit.o(.text)
    UnpackCmdReq                             0x080049eb   Thumb Code   128  edpkit.o(.text)
    UnpackPingResp                           0x08004a6b   Thumb Code    44  edpkit.o(.text)
    PacketSavedataSimpleString               0x08004a97   Thumb Code   120  edpkit.o(.text)
    UnpackSavedataSimpleString               0x08004b0f   Thumb Code    26  edpkit.o(.text)
    SendCmd                                  0x08004b2d   Thumb Code   104  esp8266.o(.text)
    ESP8266_Init                             0x08004b95   Thumb Code   220  esp8266.o(.text)
    GetSendBuf                               0x08004c71   Thumb Code   182  esp8266.o(.text)
    ESP8266_DevLink                          0x08004d27   Thumb Code  1030  esp8266.o(.text)
    ESP8266_CheckStatus                      0x0800512d   Thumb Code   154  esp8266.o(.text)
    ESP8266_SendDat                          0x080051c7   Thumb Code   152  esp8266.o(.text)
    tolower                                  0x0800538d   Thumb Code    12  tolower.o(.text)
    ___aeabi_memcpy8$move                    0x08005399   Thumb Code     0  memmovea.o(.text)
    __aeabi_memcpy                           0x08005399   Thumb Code    64  memmovea.o(.text)
    __aeabi_memcpy4                          0x08005399   Thumb Code     0  memmovea.o(.text)
    __aeabi_memmove                          0x08005399   Thumb Code     0  memmovea.o(.text)
    __aeabi_memmove4                         0x08005399   Thumb Code     0  memmovea.o(.text)
    __aeabi_memmove8                         0x08005399   Thumb Code     0  memmovea.o(.text)
    __aeabi_memset                           0x080053d9   Thumb Code    14  memseta.o(.text)
    __aeabi_memset4                          0x080053d9   Thumb Code     0  memseta.o(.text)
    __aeabi_memset8                          0x080053d9   Thumb Code     0  memseta.o(.text)
    __aeabi_memclr                           0x080053e7   Thumb Code     4  memseta.o(.text)
    __aeabi_memclr4                          0x080053e7   Thumb Code     0  memseta.o(.text)
    __aeabi_memclr8                          0x080053e7   Thumb Code     0  memseta.o(.text)
    _memset$wrapper                          0x080053eb   Thumb Code    20  memseta.o(.text)
    strcat                                   0x080053ff   Thumb Code    28  strcat.o(.text)
    strstr                                   0x0800541b   Thumb Code    44  strstr.o(.text)
    strncpy                                  0x08005447   Thumb Code    24  strncpy.o(.text)
    strchr                                   0x0800545f   Thumb Code    18  strchr.o(.text)
    strlen                                   0x08005471   Thumb Code    16  strlen.o(.text)
    strcpy                                   0x08005481   Thumb Code    18  strcpy.o(.text)
    strncmp                                  0x08005493   Thumb Code    30  strncmp.o(.text)
    __aeabi_dadd                             0x080054b1   Thumb Code   320  dadd.o(.text)
    __aeabi_dsub                             0x080055f1   Thumb Code     6  dadd.o(.text)
    __aeabi_drsub                            0x080055f7   Thumb Code     6  dadd.o(.text)
    __aeabi_dmul                             0x080055fd   Thumb Code   224  dmul.o(.text)
    __aeabi_i2d                              0x080056dd   Thumb Code    34  dflti.o(.text)
    __aeabi_d2iz                             0x080056ff   Thumb Code    62  dfixi.o(.text)
    __aeabi_f2d                              0x0800573d   Thumb Code    44  f2d.o(.text)
    __aeabi_cdcmpeq                          0x08005769   Thumb Code     0  cdcmple.o(.text)
    __aeabi_cdcmple                          0x08005769   Thumb Code    38  cdcmple.o(.text)
    __aeabi_cdrcmple                         0x08005791   Thumb Code    38  cdrcmple.o(.text)
    __aeabi_uidiv                            0x080057b9   Thumb Code     0  uidiv.o(.text)
    __aeabi_uidivmod                         0x080057b9   Thumb Code    44  uidiv.o(.text)
    __aeabi_uldivmod                         0x080057e5   Thumb Code    98  uldiv.o(.text)
    __aeabi_llsl                             0x08005847   Thumb Code    30  llshl.o(.text)
    _ll_shift_l                              0x08005847   Thumb Code     0  llshl.o(.text)
    __aeabi_llsr                             0x08005865   Thumb Code    32  llushr.o(.text)
    _ll_ushift_r                             0x08005865   Thumb Code     0  llushr.o(.text)
    __aeabi_lasr                             0x08005885   Thumb Code    36  llsshr.o(.text)
    _ll_sshift_r                             0x08005885   Thumb Code     0  llsshr.o(.text)
    __I$use$fp                               0x080058a9   Thumb Code     0  iusefp.o(.text)
    _double_round                            0x080058a9   Thumb Code    26  depilogue.o(.text)
    _double_epilogue                         0x080058c3   Thumb Code   164  depilogue.o(.text)
    __aeabi_ddiv                             0x08005967   Thumb Code   222  ddiv.o(.text)
    __ARM_scalbn                             0x08005a45   Thumb Code    46  dscalb.o(.text)
    scalbn                                   0x08005a45   Thumb Code     0  dscalb.o(.text)
    __aeabi_d2ulz                            0x08005a73   Thumb Code    48  dfixul.o(.text)
    __scatterload                            0x08005aa5   Thumb Code    28  init.o(.text)
    __scatterload_rt2                        0x08005aa5   Thumb Code     0  init.o(.text)
    _dsqrt                                   0x08005ac9   Thumb Code   162  dsqrt.o(.text)
    __0printf                                0x08005b6d   Thumb Code    22  printfa.o(i.__0printf)
    __1printf                                0x08005b6d   Thumb Code     0  printfa.o(i.__0printf)
    __2printf                                0x08005b6d   Thumb Code     0  printfa.o(i.__0printf)
    __c89printf                              0x08005b6d   Thumb Code     0  printfa.o(i.__0printf)
    printf                                   0x08005b6d   Thumb Code     0  printfa.o(i.__0printf)
    __0sprintf                               0x08005b8d   Thumb Code    34  printfa.o(i.__0sprintf)
    __1sprintf                               0x08005b8d   Thumb Code     0  printfa.o(i.__0sprintf)
    __2sprintf                               0x08005b8d   Thumb Code     0  printfa.o(i.__0sprintf)
    __c89sprintf                             0x08005b8d   Thumb Code     0  printfa.o(i.__0sprintf)
    sprintf                                  0x08005b8d   Thumb Code     0  printfa.o(i.__0sprintf)
    __ARM_fpclassify                         0x08005bb5   Thumb Code    40  fpclassify.o(i.__ARM_fpclassify)
    __kernel_poly                            0x08005bdd   Thumb Code   170  poly.o(i.__kernel_poly)
    __mathlib_dbl_underflow                  0x08005c89   Thumb Code    10  dunder.o(i.__mathlib_dbl_underflow)
    __scatterload_copy                       0x08005c99   Thumb Code    14  handlers.o(i.__scatterload_copy)
    __scatterload_null                       0x08005ca7   Thumb Code     2  handlers.o(i.__scatterload_null)
    __scatterload_zeroinit                   0x08005ca9   Thumb Code    14  handlers.o(i.__scatterload_zeroinit)
    __set_errno                              0x08005cb9   Thumb Code     6  errno.o(i.__set_errno)
    floor                                    0x08006581   Thumb Code   204  floor.o(i.floor)
    free                                     0x0800665d   Thumb Code    76  malloc.o(i.free)
    malloc                                   0x080066ad   Thumb Code    92  malloc.o(i.malloc)
    pow                                      0x08006719   Thumb Code  2522  pow.o(i.pow)
    sqrt                                     0x08007105   Thumb Code    76  sqrt.o(i.sqrt)
    __mathlib_zero                           0x080071e0   Data           8  qnan.o(.constdata)
    Region$$Table$$Base                      0x080071e8   Number         0  anon$$obj.o(Region$$Table)
    Region$$Table$$Limit                     0x08007208   Number         0  anon$$obj.o(Region$$Table)
    SystemCoreClock                          0x20000000   Data           4  system_stm32f10x.o(.data)
    AHBPrescTable                            0x20000004   Data          16  system_stm32f10x.o(.data)
    rcv_cmd_start                            0x20000028   Data           1  usart2.o(.data)
    rcv_cmd_flag                             0x20000029   Data           1  usart2.o(.data)
    usart2_rcv_len                           0x2000002c   Data           4  usart2.o(.data)
    usart2_cmd_len                           0x20000030   Data           4  usart2.o(.data)
    red_value                                0x20000034   Data           1  led.o(.data)
    yellow_value                             0x20000035   Data           1  led.o(.data)
    blue_value                               0x20000036   Data           1  led.o(.data)
    green_value                              0x20000037   Data           1  led.o(.data)
    send_pkg                                 0x20000044   Data           4  esp8266.o(.data)
    __stdout                                 0x20000048   Data           4  stdout.o(.data)
    __microlib_freelist                      0x2000004c   Data           4  mvars.o(.data)
    __microlib_freelist_initialised          0x20000050   Data           4  mvars.o(.data)
    usart2_rcv_buf                           0x20000058   Data        1024  usart2.o(.bss)
    usart2_cmd_buf                           0x20000458   Data         256  usart2.o(.bss)
    send_buf                                 0x20000558   Data        1024  esp8266.o(.bss)
    __heap_base                              0x20000958   Data           0  startup_stm32f10x_hd.o(HEAP)
    __heap_limit                             0x20000b58   Data           0  startup_stm32f10x_hd.o(HEAP)
    __initial_sp                             0x20000f58   Data           0  startup_stm32f10x_hd.o(STACK)



==============================================================================

Memory Map of the image

  Image Entry point : 0x08000131

  Load Region LR_IROM1 (Base: 0x08000000, Size: 0x00007260, Max: 0x00080000, ABSOLUTE)

    Execution Region ER_IROM1 (Base: 0x08000000, Size: 0x00007208, Max: 0x00080000, ABSOLUTE)

    Base Addr    Size         Type   Attr      Idx    E Section Name        Object

    0x08000000   0x00000130   Data   RO          116    RESET               startup_stm32f10x_hd.o
    0x08000130   0x00000000   Code   RO          460  * .ARM.Collect$$$$00000000  mc_w.l(entry.o)
    0x08000130   0x00000004   Code   RO          807    .ARM.Collect$$$$00000001  mc_w.l(entry2.o)
    0x08000134   0x00000004   Code   RO          810    .ARM.Collect$$$$00000004  mc_w.l(entry5.o)
    0x08000138   0x00000000   Code   RO          812    .ARM.Collect$$$$00000008  mc_w.l(entry7b.o)
    0x08000138   0x00000008   Code   RO          813    .ARM.Collect$$$$00000009  mc_w.l(entry8.o)
    0x08000140   0x00000004   Code   RO          808    .ARM.Collect$$$$00002712  mc_w.l(entry2.o)
    0x08000144   0x000001d0   Code   RO           17    .text               system_stm32f10x.o
    0x08000314   0x00000024   Code   RO          117    .text               startup_stm32f10x_hd.o
    0x08000338   0x00000068   Code   RO          121    .text               main.o
    0x080003a0   0x000000b4   Code   RO          181    .text               stm32f10x_it.o
    0x08000454   0x000000dc   Code   RO          207    .text               misc.o
    0x08000530   0x0000011c   Code   RO          219    .text               stm32f10x_exti.o
    0x0800064c   0x00000358   Code   RO          243    .text               stm32f10x_gpio.o
    0x080009a4   0x000003a8   Code   RO          267    .text               stm32f10x_rcc.o
    0x08000d4c   0x0000040c   Code   RO          281    .text               stm32f10x_usart.o
    0x08001158   0x000000f4   Code   RO          293    .text               usart1.o
    0x0800124c   0x000000e0   Code   RO          312    .text               usart2.o
    0x0800132c   0x00000294   Code   RO          331    .text               led.o
    0x080015c0   0x00000290   Code   RO          349    .text               key.o
    0x08001850   0x00001aa4   Code   RO          361    .text               cjson.o
    0x080032f4   0x00001838   Code   RO          403    .text               edpkit.o
    0x08004b2c   0x00000860   Code   RO          427    .text               esp8266.o
    0x0800538c   0x0000000c   Code   RO          463    .text               mc_w.l(tolower.o)
    0x08005398   0x00000040   Code   RO          467    .text               mc_w.l(memmovea.o)
    0x080053d8   0x00000026   Code   RO          469    .text               mc_w.l(memseta.o)
    0x080053fe   0x0000001c   Code   RO          471    .text               mc_w.l(strcat.o)
    0x0800541a   0x0000002c   Code   RO          473    .text               mc_w.l(strstr.o)
    0x08005446   0x00000018   Code   RO          475    .text               mc_w.l(strncpy.o)
    0x0800545e   0x00000012   Code   RO          477    .text               mc_w.l(strchr.o)
    0x08005470   0x00000010   Code   RO          479    .text               mc_w.l(strlen.o)
    0x08005480   0x00000012   Code   RO          481    .text               mc_w.l(strcpy.o)
    0x08005492   0x0000001e   Code   RO          483    .text               mc_w.l(strncmp.o)
    0x080054b0   0x0000014c   Code   RO          778    .text               mf_w.l(dadd.o)
    0x080055fc   0x000000e0   Code   RO          780    .text               mf_w.l(dmul.o)
    0x080056dc   0x00000022   Code   RO          782    .text               mf_w.l(dflti.o)
    0x080056fe   0x0000003e   Code   RO          784    .text               mf_w.l(dfixi.o)
    0x0800573c   0x0000002c   Code   RO          786    .text               mf_w.l(f2d.o)
    0x08005768   0x00000028   Code   RO          788    .text               mf_w.l(cdcmple.o)
    0x08005790   0x00000028   Code   RO          790    .text               mf_w.l(cdrcmple.o)
    0x080057b8   0x0000002c   Code   RO          815    .text               mc_w.l(uidiv.o)
    0x080057e4   0x00000062   Code   RO          817    .text               mc_w.l(uldiv.o)
    0x08005846   0x0000001e   Code   RO          819    .text               mc_w.l(llshl.o)
    0x08005864   0x00000020   Code   RO          821    .text               mc_w.l(llushr.o)
    0x08005884   0x00000024   Code   RO          823    .text               mc_w.l(llsshr.o)
    0x080058a8   0x00000000   Code   RO          834    .text               mc_w.l(iusefp.o)
    0x080058a8   0x000000be   Code   RO          835    .text               mf_w.l(depilogue.o)
    0x08005966   0x000000de   Code   RO          837    .text               mf_w.l(ddiv.o)
    0x08005a44   0x0000002e   Code   RO          839    .text               mf_w.l(dscalb.o)
    0x08005a72   0x00000030   Code   RO          841    .text               mf_w.l(dfixul.o)
    0x08005aa2   0x00000002   PAD
    0x08005aa4   0x00000024   Code   RO          843    .text               mc_w.l(init.o)
    0x08005ac8   0x000000a2   Code   RO          845    .text               mf_w.l(dsqrt.o)
    0x08005b6a   0x00000002   PAD
    0x08005b6c   0x00000020   Code   RO          722    i.__0printf         mc_w.l(printfa.o)
    0x08005b8c   0x00000028   Code   RO          724    i.__0sprintf        mc_w.l(printfa.o)
    0x08005bb4   0x00000028   Code   RO          794    i.__ARM_fpclassify  m_ws.l(fpclassify.o)
    0x08005bdc   0x000000aa   Code   RO          796    i.__kernel_poly     m_ws.l(poly.o)
    0x08005c86   0x00000002   PAD
    0x08005c88   0x00000010   Code   RO          792    i.__mathlib_dbl_underflow  m_ws.l(dunder.o)
    0x08005c98   0x0000000e   Code   RO          849    i.__scatterload_copy  mc_w.l(handlers.o)
    0x08005ca6   0x00000002   Code   RO          850    i.__scatterload_null  mc_w.l(handlers.o)
    0x08005ca8   0x0000000e   Code   RO          851    i.__scatterload_zeroinit  mc_w.l(handlers.o)
    0x08005cb6   0x00000002   PAD
    0x08005cb8   0x0000000c   Code   RO          829    i.__set_errno       mc_w.l(errno.o)
    0x08005cc4   0x00000158   Code   RO          729    i._fp_digits        mc_w.l(printfa.o)
    0x08005e1c   0x00000704   Code   RO          730    i._printf_core      mc_w.l(printfa.o)
    0x08006520   0x00000026   Code   RO          731    i._printf_post_padding  mc_w.l(printfa.o)
    0x08006546   0x00000030   Code   RO          732    i._printf_pre_padding  mc_w.l(printfa.o)
    0x08006576   0x0000000a   Code   RO          734    i._sputc            mc_w.l(printfa.o)
    0x08006580   0x000000dc   Code   RO          447    i.floor             m_ws.l(floor.o)
    0x0800665c   0x00000050   Code   RO          750    i.free              mc_w.l(malloc.o)
    0x080066ac   0x0000006c   Code   RO          751    i.malloc            mc_w.l(malloc.o)
    0x08006718   0x000009ec   Code   RO          451    i.pow               m_ws.l(pow.o)
    0x08007104   0x0000004c   Code   RO          800    i.sqrt              m_ws.l(sqrt.o)
    0x08007150   0x00000007   Data   RO          362    .constdata          cjson.o
    0x08007157   0x00000001   PAD
    0x08007158   0x00000088   Data   RO          452    .constdata          m_ws.l(pow.o)
    0x080071e0   0x00000008   Data   RO          798    .constdata          m_ws.l(qnan.o)
    0x080071e8   0x00000020   Data   RO          847    Region$$Table       anon$$obj.o


    Execution Region RW_IRAM1 (Base: 0x20000000, Size: 0x00000f58, Max: 0x00010000, ABSOLUTE)

    Base Addr    Size         Type   Attr      Idx    E Section Name        Object

    0x20000000   0x00000014   Data   RW           18    .data               system_stm32f10x.o
    0x20000014   0x00000014   Data   RW          268    .data               stm32f10x_rcc.o
    0x20000028   0x0000000c   Data   RW          314    .data               usart2.o
    0x20000034   0x00000004   Data   RW          332    .data               led.o
    0x20000038   0x0000000c   Data   RW          363    .data               cjson.o
    0x20000044   0x00000004   Data   RW          429    .data               esp8266.o
    0x20000048   0x00000004   Data   RW          814    .data               mc_w.l(stdout.o)
    0x2000004c   0x00000004   Data   RW          825    .data               mc_w.l(mvars.o)
    0x20000050   0x00000004   Data   RW          826    .data               mc_w.l(mvars.o)
    0x20000054   0x00000004   Data   RW          830    .data               mc_w.l(errno.o)
    0x20000058   0x00000500   Zero   RW          313    .bss                usart2.o
    0x20000558   0x00000400   Zero   RW          428    .bss                esp8266.o
    0x20000958   0x00000200   Zero   RW          115    HEAP                startup_stm32f10x_hd.o
    0x20000b58   0x00000400   Zero   RW          114    STACK               startup_stm32f10x_hd.o


==============================================================================

Image component sizes


      Code (inc. data)   RO Data    RW Data    ZI Data      Debug   Object Name

      6820        210          7         12          0      23792   cjson.o
         0          0          0          0          0       4188   core_cm3.o
      6200         72          0          0          0      36125   edpkit.o
      2144       1162          0          4       1024       2590   esp8266.o
       656         14          0          0          0       1300   key.o
       660         94          0          4          0       1718   led.o
       104         40          0          0          0       3483   main.o
       220         20          0          0          0       1809   misc.o
        36          8        304          0       1536        788   startup_stm32f10x_hd.o
       284         10          0          0          0       2267   stm32f10x_exti.o
       856         40          0          0          0       5741   stm32f10x_gpio.o
       180         26          0          0          0       3006   stm32f10x_it.o
       936         52          0         20          0       8884   stm32f10x_rcc.o
      1036         20          0          0          0       8488   stm32f10x_usart.o
       464         44          0         20          0     231803   system_stm32f10x.o
       244         10          0          0          0       1457   usart1.o
       224         10          0         12       1280       1644   usart2.o

    ----------------------------------------------------------------------
     21064       1832        344         72       3840     339083   Object Totals
         0          0         32          0          0          0   (incl. Generated)
         0          0          1          0          0          0   (incl. Padding)

    ----------------------------------------------------------------------

      Code (inc. data)   RO Data    RW Data    ZI Data      Debug   Library Member Name

        16          6          0          0          0         68   dunder.o
       220         16          0          0          0         84   floor.o
        40          0          0          0          0         68   fpclassify.o
       170          0          0          0          0         96   poly.o
      2540        192        136          0          0        340   pow.o
         0          0          8          0          0          0   qnan.o
        76          0          0          0          0         84   sqrt.o
         0          0          0          0          0          0   entry.o
         8          4          0          0          0          0   entry2.o
         4          0          0          0          0          0   entry5.o
         0          0          0          0          0          0   entry7b.o
         8          4          0          0          0          0   entry8.o
        12          6          0          4          0         68   errno.o
        30          0          0          0          0          0   handlers.o
        36          8          0          0          0         68   init.o
         0          0          0          0          0          0   iusefp.o
        30          0          0          0          0         68   llshl.o
        36          0          0          0          0         68   llsshr.o
        32          0          0          0          0         68   llushr.o
       188         20          0          0          0        160   malloc.o
        64          0          0          0          0         76   memmovea.o
        38          0          0          0          0        108   memseta.o
         0          0          0          8          0          0   mvars.o
      2308         94          0          0          0        596   printfa.o
         0          0          0          4          0          0   stdout.o
        28          0          0          0          0         68   strcat.o
        18          0          0          0          0         68   strchr.o
        18          0          0          0          0         68   strcpy.o
        16          0          0          0          0         68   strlen.o
        30          0          0          0          0         80   strncmp.o
        24          0          0          0          0         76   strncpy.o
        44          0          0          0          0         80   strstr.o
        12          0          0          0          0         68   tolower.o
        44          0          0          0          0         80   uidiv.o
        98          0          0          0          0         92   uldiv.o
        40          2          0          0          0         68   cdcmple.o
        40          2          0          0          0         68   cdrcmple.o
       332          0          0          0          0        148   dadd.o
       222          0          0          0          0        100   ddiv.o
       190          0          0          0          0        176   depilogue.o
        62          0          0          0          0         80   dfixi.o
        48          0          0          0          0         68   dfixul.o
        34          0          0          0          0         76   dflti.o
       224          0          0          0          0         96   dmul.o
        46          0          0          0          0         80   dscalb.o
       162          0          0          0          0        100   dsqrt.o
        44          0          0          0          0         68   f2d.o

    ----------------------------------------------------------------------
      7640        354        144         16          0       3896   Library Totals
         8          0          0          0          0          0   (incl. Padding)

    ----------------------------------------------------------------------

      Code (inc. data)   RO Data    RW Data    ZI Data      Debug   Library Name

      3062        214        144          0          0        740   m_ws.l
      3126        136          0         16          0       2028   mc_w.l
      1444          4          0          0          0       1128   mf_w.l

    ----------------------------------------------------------------------
      7640        354        144         16          0       3896   Library Totals

    ----------------------------------------------------------------------

==============================================================================


      Code (inc. data)   RO Data    RW Data    ZI Data      Debug   

     28704       2186        488         88       3840     339495   Grand Totals
     28704       2186        488         88       3840     339495   ELF Image Totals
     28704       2186        488         88          0          0   ROM Totals

==============================================================================

    Total RO  Size (Code + RO Data)                29192 (  28.51kB)
    Total RW  Size (RW Data + ZI Data)              3928 (   3.84kB)
    Total ROM Size (Code + RO Data + RW Data)      29280 (  28.59kB)

==============================================================================

